nohup: ignoring input
从 ../DataSet/cora_queries.pt 加载数据成功
Graphs数量: 1
第一个Graph的query大小: 100
60 20 20
-------------------- 60 60
-------------------- 20 20
-------------------- 20 20
15 20 20
QD_GCN
0 loss tensor(71.9695, grad_fn=<AddBackward0>)
1 loss tensor(34.9695, grad_fn=<AddBackward0>)
2 loss tensor(38.9394, grad_fn=<AddBackward0>)
3 loss tensor(33.4710, grad_fn=<AddBackward0>)
4 loss tensor(26.3992, grad_fn=<AddBackward0>)
5 loss tensor(24.4509, grad_fn=<AddBackward0>)
6 loss tensor(24.3877, grad_fn=<AddBackward0>)
7 loss tensor(22.2326, grad_fn=<AddBackward0>)
8 loss tensor(23.4745, grad_fn=<AddBackward0>)

validation
num  all, output label  54160 1465.8286680328117 8157.0
num  all, output_bin label_bin  54160 1417 8157
num  all, output_bin_0.4 label_bin_0.4  54160 1552 8157
iou_thr: 0.05, precision, recall, f1_score : 0.705 0.177 0.282
iou_thr: 0.10, precision, recall, f1_score : 0.714 0.167 0.270
iou_thr: 0.15, precision, recall, f1_score : 0.726 0.160 0.263
iou_thr: 0.20, precision, recall, f1_score : 0.739 0.154 0.255
iou_thr: 0.25, precision, recall, f1_score : 0.745 0.150 0.250
iou_thr: 0.30, precision, recall, f1_score : 0.748 0.147 0.245
iou_thr: 0.35, precision, recall, f1_score : 0.752 0.143 0.240
iou_thr: 0.40, precision, recall, f1_score : 0.758 0.140 0.237
iou_thr: 0.45, precision, recall, f1_score : 0.764 0.137 0.233
iou_thr: 0.50, precision, recall, f1_score : 0.767 0.133 0.227
iou_thr: 0.55, precision, recall, f1_score : 0.772 0.130 0.222
iou_thr: 0.60, precision, recall, f1_score : 0.774 0.126 0.217
iou_thr: 0.65, precision, recall, f1_score : 0.775 0.123 0.212
iou_thr: 0.70, precision, recall, f1_score : 0.776 0.120 0.208
iou_thr: 0.75, precision, recall, f1_score : 0.780 0.116 0.202
iou_thr: 0.80, precision, recall, f1_score : 0.781 0.110 0.193
iou_thr: 0.85, precision, recall, f1_score : 0.785 0.104 0.184
iou_thr: 0.90, precision, recall, f1_score : 0.794 0.099 0.176
iou_thr: 0.95, precision, recall, f1_score : 0.803 0.089 0.161
current best thr  0.05
current val score (precision, recall, f1score) : 0.7046454767726161 0.17665808508029912 0.28249362870025485
count 1
f1, pre, rec [1979 2438] 0.1908713692946058 0.8214285714285714 0.107981220657277 426 56
f1, pre, rec [1979 2438] 0.1908713692946058 0.8214285714285714 0.107981220657277
count 2
f1, pre, rec [1068 1757 1864] 0.4996096799375488 0.6911447084233261 0.39119804400978 818 463
f1, pre, rec [1068 1757 1864] 0.3452405246160773 0.7562866399259487 0.2495896323335285
count 3
f1, pre, rec [  83 2464] 0.1837160751565762 0.8301886792452831 0.10328638497652583 426 53
f1, pre, rec [  83 2464] 0.29139904146291024 0.7809206530323936 0.20082188321452762
count 4
f1, pre, rec [1044 1512 1911] 0.04347826086956522 1.0 0.022222222222222223 180 4
f1, pre, rec [1044 1512 1911] 0.229418846314574 0.8356904897742952 0.15617196796645127
count 5
f1, pre, rec [ 762 2156 2601] 0.08888888888888889 0.8235294117647058 0.04697986577181208 298 17
f1, pre, rec [ 762 2156 2601] 0.20131285482943695 0.8332582741723773 0.13433354752752344
count 6
f1, pre, rec [1457 2076] 0.03278688524590164 1.0 0.016666666666666666 180 3
f1, pre, rec [1457 2076] 0.17322519323218108 0.8610485618103144 0.11472240071738066
count 7
f1, pre, rec [ 118 2127] 0.0182648401826484 1.0 0.009216589861751152 217 2
f1, pre, rec [ 118 2127] 0.15108799993939068 0.8808987672659837 0.09965014202371929
count 8
f1, pre, rec [1348 1969] 0.43784786641929496 0.9752066115702479 0.2822966507177033 418 121
f1, pre, rec [1348 1969] 0.18693298324937874 0.8926872478040168 0.12248095561046729
count 9
f1, pre, rec [1467] 0.4150943396226415 0.9821428571428571 0.2631578947368421 418 112
f1, pre, rec [1467] 0.21228424506863014 0.9026267599527767 0.13811172662450893
count 10
f1, pre, rec [ 287  490 1660] 0.4929356357927786 0.6885964912280702 0.38386308068459657 818 456
f1, pre, rec [ 287  490 1660] 0.24034938414104498 0.8812237330803061 0.1626868620305177
count 11
f1, pre, rec [1262] 0.02197802197802198 1.0 0.011111111111111112 180 2
f1, pre, rec [1262] 0.2204974421262247 0.892021575527551 0.14890724831057164
count 12
f1, pre, rec [2219 2408] 0.4885736800630418 0.6873614190687362 0.37897310513447435 818 451
f1, pre, rec [2219 2408] 0.2428371286209595 0.8749665624893165 0.16807940304589686
count 13
f1, pre, rec [ 277 2098] 0.011331444759206801 1.0 0.005698005698005698 351 2
f1, pre, rec [ 277 2098] 0.22502899909313237 0.8845845192209075 0.15558852632682832
count 14
f1, pre, rec [1550 2083 2407] 0.49921996879875197 0.6896551724137931 0.39119804400978 818 464
f1, pre, rec [1550 2083 2407] 0.2446140683578195 0.8706609944489708 0.1724177775898963
count 15
f1, pre, rec [ 720 2375 2489] 0.4501845018450184 0.9838709677419355 0.291866028708134 418 124
f1, pre, rec [ 720 2375 2489] 0.25831876392363273 0.8782083260018351 0.18038099433111213
count 16
f1, pre, rec [1289] 0.009174311926605503 1.0 0.004608294930875576 217 1
f1, pre, rec [1289] 0.24274723567381856 0.8858203056267204 0.16939520061859734
count 17
f1, pre, rec [1899] 0.4210526315789474 0.9824561403508771 0.2679425837320574 418 114
f1, pre, rec [1899] 0.2532357883741203 0.8915047664928473 0.1751921055076244
count 18
f1, pre, rec [180 192] 0.011331444759206801 1.0 0.005698005698005698 351 2
f1, pre, rec [180 192] 0.23979665817329174 0.8975322794654669 0.16577576662931226
count 19
f1, pre, rec [1490] 0.42696629213483145 0.9827586206896551 0.2727272727272727 418 116
f1, pre, rec [1490] 0.24964769153968855 0.902017876372003 0.17140479326604705
count 20
f1, pre, rec [ 439 1400] 0.0182648401826484 1.0 0.009216589861751152 217 2
f1, pre, rec [ 439 1400] 0.23807854897183653 0.9069169825534029 0.16329538309583225
F1, Pre, Rec 0.23807854897183653 0.9069169825534029 0.16329538309583225
NMI:  0.10839804877929896
ARI:  0.15145847352575442
JAC:  0.15121639399256864
test1 time, avg time 0 0.0
==================================== 0.7649122807017544 0.23343248066627006 0.35770282588878755
test1 time, test1 num 2.2322123050689697 20
current best val score (precision, recall, f1score) : 0.7046454767726161 0.17665808508029912 0.28249362870025485
corresponding test1 score (precision, recall, f1score) : 0.9069169825534029 0.16329538309583225 0.23807854897183653
9 loss tensor(20.8790, grad_fn=<AddBackward0>)
10 loss tensor(19.7451, grad_fn=<AddBackward0>)
11 loss tensor(19.7402, grad_fn=<AddBackward0>)
12 loss tensor(16.6675, grad_fn=<AddBackward0>)
13 loss tensor(16.1070, grad_fn=<AddBackward0>)
14 loss tensor(14.5682, grad_fn=<AddBackward0>)
15 loss tensor(14.7535, grad_fn=<AddBackward0>)
16 loss tensor(13.2288, grad_fn=<AddBackward0>)
17 loss tensor(13.2615, grad_fn=<AddBackward0>)
18 loss tensor(12.1828, grad_fn=<AddBackward0>)

validation
num  all, output label  54160 4618.379318260346 8157.0
num  all, output_bin label_bin  54160 3065 8157
num  all, output_bin_0.4 label_bin_0.4  54160 3678 8157
iou_thr: 0.05, precision, recall, f1_score : 0.406 0.659 0.502
iou_thr: 0.10, precision, recall, f1_score : 0.503 0.535 0.518
iou_thr: 0.15, precision, recall, f1_score : 0.556 0.456 0.501
iou_thr: 0.20, precision, recall, f1_score : 0.596 0.397 0.477
iou_thr: 0.25, precision, recall, f1_score : 0.640 0.360 0.461
iou_thr: 0.30, precision, recall, f1_score : 0.668 0.333 0.444
iou_thr: 0.35, precision, recall, f1_score : 0.694 0.313 0.431
iou_thr: 0.40, precision, recall, f1_score : 0.707 0.296 0.418
iou_thr: 0.45, precision, recall, f1_score : 0.715 0.283 0.405
iou_thr: 0.50, precision, recall, f1_score : 0.725 0.272 0.396
iou_thr: 0.55, precision, recall, f1_score : 0.728 0.262 0.385
iou_thr: 0.60, precision, recall, f1_score : 0.732 0.251 0.374
iou_thr: 0.65, precision, recall, f1_score : 0.732 0.242 0.363
iou_thr: 0.70, precision, recall, f1_score : 0.729 0.231 0.350
iou_thr: 0.75, precision, recall, f1_score : 0.728 0.220 0.338
iou_thr: 0.80, precision, recall, f1_score : 0.732 0.209 0.326
iou_thr: 0.85, precision, recall, f1_score : 0.735 0.199 0.313
iou_thr: 0.90, precision, recall, f1_score : 0.740 0.188 0.300
iou_thr: 0.95, precision, recall, f1_score : 0.753 0.168 0.275
current best thr  0.1
current val score (precision, recall, f1score) : 0.5025924645696509 0.5347554247885252 0.5181753385602282
count 1
f1, pre, rec [1979 2438] 0.5471204188481676 0.6183431952662722 0.49061032863849763 426 338
f1, pre, rec [1979 2438] 0.5471204188481676 0.6183431952662722 0.49061032863849763
count 2
f1, pre, rec [1068 1757 1864] 0.5993393109957527 0.4880860876249039 0.7762836185819071 818 1301
f1, pre, rec [1068 1757 1864] 0.5732298649219602 0.5532146414455881 0.6334469736102024
count 3
f1, pre, rec [  83 2464] 0.5548037889039242 0.6549520766773163 0.4812206572769953 426 313
f1, pre, rec [  83 2464] 0.5670878395826149 0.5871271198561642 0.5827048681658
count 4
f1, pre, rec [1044 1512 1911] 0.3485477178423237 0.6885245901639344 0.23333333333333334 180 61
f1, pre, rec [1044 1512 1911] 0.5124528091475421 0.6124764874331067 0.49536198445768337
count 5
f1, pre, rec [ 762 2156 2601] 0.5360824742268041 0.6951871657754011 0.436241610738255 298 187
f1, pre, rec [ 762 2156 2601] 0.5171787421633944 0.6290186231015655 0.48353790971379773
count 6
f1, pre, rec [1457 2076] 0.33480176211453744 0.8085106382978723 0.2111111111111111 180 47
f1, pre, rec [1457 2076] 0.4867825788219183 0.6589339589676168 0.43813344328001663
count 7
f1, pre, rec [ 118 2127] 0.34944237918215615 0.9038461538461539 0.21658986175115208 217 52
f1, pre, rec [ 118 2127] 0.46716255030195225 0.6939214153788363 0.4064843602044646
count 8
f1, pre, rec [1348 1969] 0.6632782719186785 0.7073170731707317 0.6244019138755981 418 369
f1, pre, rec [1348 1969] 0.4916770155040431 0.6955958726028232 0.43372405441335626
count 9
f1, pre, rec [1467] 0.6640316205533597 0.7390029325513197 0.6028708133971292 418 341
f1, pre, rec [1467] 0.5108275271761893 0.7004188792637672 0.4525181387448866
count 10
f1, pre, rec [ 287  490 1660] 0.5922053231939164 0.484447900466563 0.7616136919315404 818 1286
f1, pre, rec [ 287  490 1660] 0.518965306777962 0.6788217813840468 0.48342769406355196
count 11
f1, pre, rec [1262] 0.2959641255605381 0.7674418604651163 0.18333333333333332 180 43
f1, pre, rec [1262] 0.4986924721218325 0.6868781522095986 0.456146388542623
count 12
f1, pre, rec [2219 2408] 0.5942371280113369 0.4842186297151655 0.7689486552567237 818 1299
f1, pre, rec [2219 2408] 0.5066545267792912 0.6699898586683958 0.4822132441021314
count 13
f1, pre, rec [ 277 2098] 0.35026737967914434 0.32997481108312343 0.3732193732193732 351 397
f1, pre, rec [ 277 2098] 0.49462474623312613 0.6438348550079903 0.4738291001880731
count 14
f1, pre, rec [1550 2083 2407] 0.5982742090124641 0.4921135646687697 0.7628361858190709 818 1268
f1, pre, rec [1550 2083 2407] 0.5020282792887931 0.6329976199837603 0.49447246344743007
count 15
f1, pre, rec [ 720 2375 2489] 0.6641883519206939 0.6889460154241646 0.6411483253588517 418 389
f1, pre, rec [ 720 2375 2489] 0.5128389507975865 0.6367275130131206 0.5042508542415248
count 16
f1, pre, rec [1289] 0.3053435114503817 0.8888888888888888 0.18433179723502305 217 45
f1, pre, rec [1289] 0.49987048583838617 0.6524875990053561 0.4842559131786185
count 17
f1, pre, rec [1899] 0.6631439894319682 0.7404129793510325 0.6004784688995215 418 339
f1, pre, rec [1899] 0.5094748095791851 0.6576596802021607 0.49109253410337744
count 18
f1, pre, rec [180 192] 0.360385144429161 0.3484042553191489 0.3732193732193732 351 376
f1, pre, rec [180 192] 0.5011920504041838 0.6404788232642156 0.4845440251653772
count 19
f1, pre, rec [1490] 0.6728476821192052 0.7537091988130564 0.6076555023923444 418 337
f1, pre, rec [1490] 0.5102265573365533 0.6464383167141545 0.4910235765983754
count 20
f1, pre, rec [ 439 1400] 0.3345454545454546 0.7931034482758621 0.2119815668202765 217 58
f1, pre, rec [ 439 1400] 0.5014425021969984 0.6537715732922399 0.4770714761094704
F1, Pre, Rec 0.5014425021969984 0.6537715732922399 0.4770714761094704
NMI:  0.20217530248628388
ARI:  0.3286178405094571
JAC:  0.3464462375761517
test1 time, avg time 0 0.0
==================================== 0.5481573592584219 0.576918500892326 0.5621703089675961
test1 time, test1 num 3.760234832763672 20
current best val score (precision, recall, f1score) : 0.5025924645696509 0.5347554247885252 0.5181753385602282
corresponding test1 score (precision, recall, f1score) : 0.6537715732922399 0.4770714761094704 0.5014425021969984
19 loss tensor(11.3916, grad_fn=<AddBackward0>)
20 loss tensor(11.2627, grad_fn=<AddBackward0>)
21 loss tensor(10.3117, grad_fn=<AddBackward0>)
22 loss tensor(9.8903, grad_fn=<AddBackward0>)
23 loss tensor(9.8438, grad_fn=<AddBackward0>)
24 loss tensor(9.6722, grad_fn=<AddBackward0>)
25 loss tensor(8.9447, grad_fn=<AddBackward0>)
26 loss tensor(8.6387, grad_fn=<AddBackward0>)
27 loss tensor(8.4149, grad_fn=<AddBackward0>)
28 loss tensor(8.1486, grad_fn=<AddBackward0>)

validation
num  all, output label  54160 4350.453761604846 8157.0
num  all, output_bin label_bin  54160 2333 8157
num  all, output_bin_0.4 label_bin_0.4  54160 2987 8157
iou_thr: 0.05, precision, recall, f1_score : 0.384 0.741 0.506
iou_thr: 0.10, precision, recall, f1_score : 0.506 0.598 0.549
iou_thr: 0.15, precision, recall, f1_score : 0.572 0.512 0.540
iou_thr: 0.20, precision, recall, f1_score : 0.638 0.436 0.518
iou_thr: 0.25, precision, recall, f1_score : 0.702 0.366 0.481
iou_thr: 0.30, precision, recall, f1_score : 0.755 0.323 0.453
iou_thr: 0.35, precision, recall, f1_score : 0.802 0.294 0.430
iou_thr: 0.40, precision, recall, f1_score : 0.823 0.274 0.412
iou_thr: 0.45, precision, recall, f1_score : 0.831 0.255 0.390
iou_thr: 0.50, precision, recall, f1_score : 0.834 0.239 0.371
iou_thr: 0.55, precision, recall, f1_score : 0.844 0.224 0.354
iou_thr: 0.60, precision, recall, f1_score : 0.857 0.212 0.340
iou_thr: 0.65, precision, recall, f1_score : 0.867 0.200 0.324
iou_thr: 0.70, precision, recall, f1_score : 0.868 0.189 0.310
iou_thr: 0.75, precision, recall, f1_score : 0.870 0.174 0.290
iou_thr: 0.80, precision, recall, f1_score : 0.867 0.158 0.267
iou_thr: 0.85, precision, recall, f1_score : 0.867 0.141 0.242
iou_thr: 0.90, precision, recall, f1_score : 0.880 0.121 0.212
iou_thr: 0.95, precision, recall, f1_score : 0.903 0.092 0.168
current best thr  0.1
current val score (precision, recall, f1score) : 0.5064867669953296 0.5982591639082996 0.5485611510791366
count 1
f1, pre, rec [1979 2438] 0.5173410404624278 0.6729323308270677 0.42018779342723006 426 266
f1, pre, rec [1979 2438] 0.5173410404624278 0.6729323308270677 0.42018779342723006
count 2
f1, pre, rec [1068 1757 1864] 0.6161329550060802 0.46088538508186777 0.9290953545232273 818 1649
f1, pre, rec [1068 1757 1864] 0.566736997734254 0.5669088579544678 0.6746415739752287
count 3
f1, pre, rec [  83 2464] 0.5230312035661219 0.7125506072874493 0.4131455399061033 426 247
f1, pre, rec [  83 2464] 0.55216839967821 0.6154561077321282 0.5874762292855202
count 4
f1, pre, rec [1044 1512 1911] 0.3682008368200837 0.7457627118644068 0.24444444444444444 180 59
f1, pre, rec [1044 1512 1911] 0.5061765089636784 0.648032758765198 0.5017182830752512
count 5
f1, pre, rec [ 762 2156 2601] 0.5387755102040817 0.6875 0.4429530201342282 298 192
f1, pre, rec [ 762 2156 2601] 0.512696309211759 0.6559262070121583 0.48996523048704665
count 6
f1, pre, rec [1457 2076] 0.3682008368200837 0.7457627118644068 0.24444444444444444 180 59
f1, pre, rec [1457 2076] 0.4886137304798131 0.6708989578208664 0.44904509947994625
count 7
f1, pre, rec [ 118 2127] 0.5098039215686275 0.8764044943820225 0.35944700460829493 217 89
f1, pre, rec [ 118 2127] 0.49164090063535804 0.7002568916153172 0.4362453716411389
count 8
f1, pre, rec [1348 1969] 0.6975476839237057 0.810126582278481 0.6124401913875598 418 316
f1, pre, rec [1348 1969] 0.5173792485464015 0.7139906029482127 0.45826972410944156
count 9
f1, pre, rec [1467] 0.6937062937062937 0.835016835016835 0.5933014354066986 418 297
f1, pre, rec [1467] 0.5369711424530562 0.7274379620669484 0.4732732475869146
count 10
f1, pre, rec [ 287  490 1660] 0.6128110975112199 0.4598897734231476 0.9180929095354523 818 1633
f1, pre, rec [ 287  490 1660] 0.5445551379588726 0.7006831432025684 0.5177552137817683
count 11
f1, pre, rec [1262] 0.35744680851063826 0.7636363636363637 0.23333333333333334 180 55
f1, pre, rec [1262] 0.5275452898272149 0.7064061632420043 0.4918986791955469
count 12
f1, pre, rec [2219 2408] 0.6146380913869793 0.459214501510574 0.9290953545232273 818 1655
f1, pre, rec [2219 2408] 0.5348030232905286 0.6858068580977185 0.5283317354728536
count 13
f1, pre, rec [ 277 2098] 0.40381558028616854 0.4568345323741007 0.36182336182336183 351 278
f1, pre, rec [ 277 2098] 0.524727066136347 0.6681936022728248 0.5155233990382773
count 14
f1, pre, rec [1550 2083 2407] 0.6129164952694365 0.46187228766274024 0.910757946210269 818 1613
f1, pre, rec [1550 2083 2407] 0.5310263110744249 0.6534563655149616 0.543754438121991
count 15
f1, pre, rec [ 720 2375 2489] 0.7065073041168659 0.7940298507462686 0.6363636363636364 418 335
f1, pre, rec [ 720 2375 2489] 0.542725043943921 0.6628279311970486 0.549928384671434
count 16
f1, pre, rec [1289] 0.4950495049504951 0.872093023255814 0.3456221198156682 217 86
f1, pre, rec [1289] 0.5397453227568318 0.6759069994507215 0.5371592431179487
count 17
f1, pre, rec [1899] 0.6974789915966387 0.8412162162162162 0.5956937799043063 418 296
f1, pre, rec [1899] 0.5490237738650557 0.6856310710251624 0.5406024511642051
count 18
f1, pre, rec [180 192] 0.44478063540090773 0.47419354838709676 0.4188034188034188 351 310
f1, pre, rec [180 192] 0.5432324883948253 0.6738845419897143 0.5338358382552726
count 19
f1, pre, rec [1490] 0.6899441340782123 0.8288590604026845 0.5909090909090909 418 298
f1, pre, rec [1490] 0.5509541539571089 0.6820410955903969 0.5368396936581051
count 20
f1, pre, rec [ 439 1400] 0.5159235668789809 0.8350515463917526 0.37327188940092165 217 97
f1, pre, rec [ 439 1400] 0.5492026246032025 0.6896916181304648 0.528661303445246
F1, Pre, Rec 0.5492026246032025 0.6896916181304648 0.528661303445246
NMI:  0.2528581787206004
ARI:  0.3679760432188499
JAC:  0.38729104848869783
test1 time, avg time 0 0.0
==================================== 0.5500508646998983 0.6433075550267697 0.5930353715382506
test1 time, test1 num 4.749706029891968 20
current best val score (precision, recall, f1score) : 0.5064867669953296 0.5982591639082996 0.5485611510791366
corresponding test1 score (precision, recall, f1score) : 0.6896916181304648 0.528661303445246 0.5492026246032025
29 loss tensor(7.8710, grad_fn=<AddBackward0>)
30 loss tensor(7.5516, grad_fn=<AddBackward0>)
31 loss tensor(7.5681, grad_fn=<AddBackward0>)
32 loss tensor(7.4424, grad_fn=<AddBackward0>)
33 loss tensor(7.1313, grad_fn=<AddBackward0>)
34 loss tensor(6.8496, grad_fn=<AddBackward0>)
35 loss tensor(7.1529, grad_fn=<AddBackward0>)
36 loss tensor(7.0993, grad_fn=<AddBackward0>)
37 loss tensor(6.6198, grad_fn=<AddBackward0>)
38 loss tensor(6.7943, grad_fn=<AddBackward0>)

validation
num  all, output label  54160 7299.886792545322 8157.0
num  all, output_bin label_bin  54160 4028 8157
num  all, output_bin_0.4 label_bin_0.4  54160 6374 8157
iou_thr: 0.05, precision, recall, f1_score : 0.278 0.920 0.427
iou_thr: 0.10, precision, recall, f1_score : 0.376 0.823 0.516
iou_thr: 0.15, precision, recall, f1_score : 0.460 0.727 0.564
iou_thr: 0.20, precision, recall, f1_score : 0.513 0.657 0.576
iou_thr: 0.25, precision, recall, f1_score : 0.556 0.604 0.579
iou_thr: 0.30, precision, recall, f1_score : 0.602 0.557 0.579
iou_thr: 0.35, precision, recall, f1_score : 0.656 0.513 0.576
iou_thr: 0.40, precision, recall, f1_score : 0.704 0.470 0.564
iou_thr: 0.45, precision, recall, f1_score : 0.751 0.428 0.545
iou_thr: 0.50, precision, recall, f1_score : 0.793 0.392 0.524
iou_thr: 0.55, precision, recall, f1_score : 0.821 0.363 0.504
iou_thr: 0.60, precision, recall, f1_score : 0.844 0.338 0.483
iou_thr: 0.65, precision, recall, f1_score : 0.860 0.314 0.460
iou_thr: 0.70, precision, recall, f1_score : 0.872 0.291 0.436
iou_thr: 0.75, precision, recall, f1_score : 0.881 0.269 0.412
iou_thr: 0.80, precision, recall, f1_score : 0.892 0.245 0.385
iou_thr: 0.85, precision, recall, f1_score : 0.891 0.217 0.349
iou_thr: 0.90, precision, recall, f1_score : 0.884 0.183 0.304
iou_thr: 0.95, precision, recall, f1_score : 0.912 0.141 0.245
current best thr  0.25
current val score (precision, recall, f1score) : 0.5562831658575138 0.6040210861836459 0.5791700952157047
count 1
f1, pre, rec [1979 2438] 0.5645161290322581 0.660377358490566 0.49295774647887325 426 318
f1, pre, rec [1979 2438] 0.5645161290322581 0.660377358490566 0.49295774647887325
count 2
f1, pre, rec [1068 1757 1864] 0.6403397027600849 0.49056603773584906 0.921760391198044 818 1537
f1, pre, rec [1068 1757 1864] 0.6024279158961715 0.5754716981132075 0.7073590688384586
count 3
f1, pre, rec [  83 2464] 0.5738161559888579 0.7054794520547946 0.4835680751173709 426 292
f1, pre, rec [  83 2464] 0.5928906625937337 0.6188076160937365 0.6327620709314293
count 4
f1, pre, rec [1044 1512 1911] 0.4262295081967213 0.8125 0.28888888888888886 180 64
f1, pre, rec [1044 1512 1911] 0.5512253739944806 0.6672307120703024 0.5467937754207942
count 5
f1, pre, rec [ 762 2156 2601] 0.5462365591397849 0.7604790419161677 0.4261744966442953 298 167
f1, pre, rec [ 762 2156 2601] 0.5502276110235413 0.6858803780394754 0.5226699196654945
count 6
f1, pre, rec [1457 2076] 0.44262295081967207 0.84375 0.3 180 64
f1, pre, rec [1457 2076] 0.5322935009895632 0.7121919816995629 0.48555826638791205
count 7
f1, pre, rec [ 118 2127] 0.5859872611464968 0.9484536082474226 0.423963133640553 217 97
f1, pre, rec [ 118 2127] 0.5399640381548394 0.7459436426349715 0.4767589617097179
count 8
f1, pre, rec [1348 1969] 0.7172995780590719 0.8703071672354948 0.6100478468899522 418 293
f1, pre, rec [1348 1969] 0.5621309806428685 0.7614890832100369 0.49342007235724716
count 9
f1, pre, rec [1467] 0.7094017094017094 0.8767605633802817 0.5956937799043063 418 284
f1, pre, rec [1467] 0.5784943949494064 0.7742970254511753 0.5047838176402537
count 10
f1, pre, rec [ 287  490 1660] 0.6328257191201354 0.48382923673997413 0.9144254278728606 818 1546
f1, pre, rec [ 287  490 1660] 0.5839275273664792 0.7452502465800552 0.5457479786635144
count 11
f1, pre, rec [1262] 0.4 0.8545454545454545 0.2611111111111111 180 55
f1, pre, rec [1262] 0.5672068430604358 0.7551861745769096 0.5198718997951141
count 12
f1, pre, rec [2219 2408] 0.6410912190963342 0.49214659685863876 0.9193154034229829 818 1528
f1, pre, rec [2219 2408] 0.5733638743967606 0.7332662097670538 0.5531588584307698
count 13
f1, pre, rec [ 277 2098] 0.4070796460176991 0.5373831775700935 0.32763532763532766 351 214
f1, pre, rec [ 277 2098] 0.5605727799060636 0.7181982842134415 0.5358108945234281
count 14
f1, pre, rec [1550 2083 2407] 0.6356258009397694 0.4885095206828628 0.9095354523227384 818 1523
f1, pre, rec [1550 2083 2407] 0.5659337099798998 0.7017919439612573 0.5625055057948074
count 15
f1, pre, rec [ 720 2375 2489] 0.7194444444444444 0.8576158940397351 0.6196172248803827 418 302
f1, pre, rec [ 720 2375 2489] 0.5761677589442028 0.7121802072998225 0.5663129537338458
count 16
f1, pre, rec [1289] 0.5787781350482316 0.9574468085106383 0.4147465437788018 217 94
f1, pre, rec [1289] 0.5763309074507046 0.7275093698754985 0.5568400531116556
count 17
f1, pre, rec [1899] 0.71671388101983 0.8784722222222222 0.6052631578947368 418 288
f1, pre, rec [1899] 0.584588729425359 0.7363895376605999 0.5596884710400721
count 18
f1, pre, rec [180 192] 0.4195804195804196 0.5429864253393665 0.3418803418803419 351 221
f1, pre, rec [180 192] 0.5754216011006402 0.7256449203094202 0.5475880194200872
count 19
f1, pre, rec [1490] 0.7092198581560283 0.8710801393728222 0.5980861244019139 418 287
f1, pre, rec [1490] 0.5824636146298712 0.7332994055232834 0.5502458144191307
count 20
f1, pre, rec [ 439 1400] 0.5867507886435331 0.93 0.42857142857142855 217 100
f1, pre, rec [ 439 1400] 0.5826779733305543 0.7431344352471193 0.5441620951267455
F1, Pre, Rec 0.5826779733305543 0.7431344352471193 0.5441620951267455
NMI:  0.2946199587796661
ARI:  0.41098028638619216
JAC:  0.4192190663293805
test1 time, avg time 0 0.0
==================================== 0.5898210049601035 0.6508030933967877 0.6188132812941909
test1 time, test1 num 5.849637031555176 20
current best val score (precision, recall, f1score) : 0.5562831658575138 0.6040210861836459 0.5791700952157047
corresponding test1 score (precision, recall, f1score) : 0.7431344352471193 0.5441620951267455 0.5826779733305543
39 loss tensor(6.3738, grad_fn=<AddBackward0>)
40 loss tensor(6.3442, grad_fn=<AddBackward0>)
41 loss tensor(6.2177, grad_fn=<AddBackward0>)
42 loss tensor(6.2161, grad_fn=<AddBackward0>)
43 loss tensor(6.0788, grad_fn=<AddBackward0>)
44 loss tensor(6.0875, grad_fn=<AddBackward0>)
45 loss tensor(6.6663, grad_fn=<AddBackward0>)
46 loss tensor(6.0126, grad_fn=<AddBackward0>)
47 loss tensor(5.8166, grad_fn=<AddBackward0>)
48 loss tensor(5.5781, grad_fn=<AddBackward0>)

validation
num  all, output label  54160 8204.617505933464 8157.0
num  all, output_bin label_bin  54160 4438 8157
num  all, output_bin_0.4 label_bin_0.4  54160 6926 8157
iou_thr: 0.05, precision, recall, f1_score : 0.259 0.967 0.409
iou_thr: 0.10, precision, recall, f1_score : 0.333 0.920 0.489
iou_thr: 0.15, precision, recall, f1_score : 0.427 0.839 0.566
iou_thr: 0.20, precision, recall, f1_score : 0.509 0.748 0.606
iou_thr: 0.25, precision, recall, f1_score : 0.568 0.678 0.618
iou_thr: 0.30, precision, recall, f1_score : 0.625 0.621 0.623
iou_thr: 0.35, precision, recall, f1_score : 0.677 0.575 0.622
iou_thr: 0.40, precision, recall, f1_score : 0.735 0.530 0.616
iou_thr: 0.45, precision, recall, f1_score : 0.781 0.483 0.596
iou_thr: 0.50, precision, recall, f1_score : 0.821 0.446 0.578
iou_thr: 0.55, precision, recall, f1_score : 0.848 0.415 0.558
iou_thr: 0.60, precision, recall, f1_score : 0.874 0.388 0.537
iou_thr: 0.65, precision, recall, f1_score : 0.891 0.360 0.513
iou_thr: 0.70, precision, recall, f1_score : 0.905 0.333 0.487
iou_thr: 0.75, precision, recall, f1_score : 0.918 0.304 0.456
iou_thr: 0.80, precision, recall, f1_score : 0.925 0.273 0.421
iou_thr: 0.85, precision, recall, f1_score : 0.932 0.233 0.372
iou_thr: 0.90, precision, recall, f1_score : 0.941 0.198 0.327
iou_thr: 0.95, precision, recall, f1_score : 0.958 0.139 0.243
current best thr  0.3
current val score (precision, recall, f1score) : 0.6245527452190006 0.6205712884638961 0.6225556512114132
count 1
f1, pre, rec [1979 2438] 0.6488456865127582 0.672544080604534 0.6267605633802817 426 397
f1, pre, rec [1979 2438] 0.6488456865127582 0.672544080604534 0.6267605633802817
count 2
f1, pre, rec [1068 1757 1864] 0.688981868898187 0.5558889722430608 0.9058679706601467 818 1333
f1, pre, rec [1068 1757 1864] 0.6689137777054726 0.6142165264237973 0.7663142670202142
count 3
f1, pre, rec [  83 2464] 0.6658506731946146 0.6956521739130435 0.6384976525821596 426 391
f1, pre, rec [  83 2464] 0.6678927428685199 0.641361742253546 0.723708728874196
count 4
f1, pre, rec [1044 1512 1911] 0.5079365079365079 0.8888888888888888 0.35555555555555557 180 72
f1, pre, rec [1044 1512 1911] 0.6279036841355169 0.7032435289123817 0.631670435544536
count 5
f1, pre, rec [ 762 2156 2601] 0.5769230769230769 0.7941176470588235 0.45302013422818793 298 170
f1, pre, rec [ 762 2156 2601] 0.617707562693029 0.7214183525416701 0.5959403752812664
count 6
f1, pre, rec [1457 2076] 0.48995983935742976 0.8840579710144928 0.3388888888888889 180 69
f1, pre, rec [1457 2076] 0.5964162754704291 0.7485249556204739 0.5530984608825368
count 7
f1, pre, rec [ 118 2127] 0.6375000000000001 0.9902912621359223 0.4700460829493088 217 103
f1, pre, rec [ 118 2127] 0.6022853789746535 0.7830629994083951 0.5412338354635042
count 8
f1, pre, rec [1348 1969] 0.7588075880758808 0.875 0.6698564593301436 418 320
f1, pre, rec [1348 1969] 0.6218506551123069 0.7945551244823457 0.5573116634468341
count 9
f1, pre, rec [1467] 0.7603305785123966 0.8961038961038961 0.6602870813397129 418 308
f1, pre, rec [1467] 0.6372373132678724 0.8058383213291846 0.5687533765460429
count 10
f1, pre, rec [ 287  490 1660] 0.6777932313398239 0.5459297983569829 0.8936430317848411 818 1339
f1, pre, rec [ 287  490 1660] 0.6412929050750675 0.7798474690319643 0.6012423420699228
count 11
f1, pre, rec [1262] 0.4754098360655738 0.90625 0.32222222222222224 180 64
f1, pre, rec [1262] 0.6262126260742046 0.7913386082108768 0.5758768766292227
count 12
f1, pre, rec [2219 2408] 0.6865393572426642 0.5545522949586155 0.9009779951100244 818 1329
f1, pre, rec [2219 2408] 0.6312398536715762 0.7716064154398549 0.6029686365026229
count 13
f1, pre, rec [ 277 2098] 0.41651031894934337 0.6098901098901099 0.3162393162393162 351 182
f1, pre, rec [ 277 2098] 0.6147221971544814 0.759166699628336 0.5809125349439069
count 14
f1, pre, rec [1550 2083 2407] 0.6803546430237984 0.550188679245283 0.89119804400978 818 1325
f1, pre, rec [1550 2083 2407] 0.6194102290022897 0.7442396981724037 0.6030757855914693
count 15
f1, pre, rec [ 720 2375 2489] 0.762532981530343 0.85 0.6913875598086124 418 340
f1, pre, rec [ 720 2375 2489] 0.6289517458374934 0.75129038496091 0.6089632372059455
count 16
f1, pre, rec [1289] 0.6332288401253917 0.9901960784313726 0.46543778801843316 217 102
f1, pre, rec [1289] 0.629219064230487 0.766221990802814 0.599992896631726
count 17
f1, pre, rec [1899] 0.756830601092896 0.8821656050955414 0.6626794258373205 418 314
f1, pre, rec [1899] 0.6367256252223934 0.7730422034082686 0.6036803395261726
count 18
f1, pre, rec [180 192] 0.4237918215613383 0.6096256684491979 0.3247863247863248 351 187
f1, pre, rec [180 192] 0.6248959694634458 0.7639635070216535 0.5881862275961811
count 19
f1, pre, rec [1490] 0.7561643835616437 0.8846153846153846 0.6602870813397129 418 312
f1, pre, rec [1490] 0.6318048333633509 0.7703136058423762 0.5919810093721565
count 20
f1, pre, rec [ 439 1400] 0.6355140186915887 0.9807692307692307 0.4700460829493088 217 104
f1, pre, rec [ 439 1400] 0.6319902926297629 0.7808363870887189 0.5858842630510142
F1, Pre, Rec 0.6319902926297629 0.7808363870887189 0.5858842630510142
NMI:  0.3479109612341721
ARI:  0.47659953859078935
JAC:  0.47121466953986885
test1 time, avg time 0 0.0
==================================== 0.6532359319712362 0.6809042236763831 0.6667831760456717
test1 time, test1 num 5.961947441101074 20
current best val score (precision, recall, f1score) : 0.6245527452190006 0.6205712884638961 0.6225556512114132
corresponding test1 score (precision, recall, f1score) : 0.7808363870887189 0.5858842630510142 0.6319902926297629
49 loss tensor(5.8282, grad_fn=<AddBackward0>)
50 loss tensor(5.5400, grad_fn=<AddBackward0>)
51 loss tensor(5.6008, grad_fn=<AddBackward0>)
52 loss tensor(5.5642, grad_fn=<AddBackward0>)
53 loss tensor(5.4669, grad_fn=<AddBackward0>)
54 loss tensor(5.3533, grad_fn=<AddBackward0>)
55 loss tensor(5.3326, grad_fn=<AddBackward0>)
56 loss tensor(5.2207, grad_fn=<AddBackward0>)
57 loss tensor(5.1976, grad_fn=<AddBackward0>)
58 loss tensor(5.0137, grad_fn=<AddBackward0>)

validation
num  all, output label  54160 8356.74869674914 8157.0
num  all, output_bin label_bin  54160 4503 8157
num  all, output_bin_0.4 label_bin_0.4  54160 7026 8157
iou_thr: 0.05, precision, recall, f1_score : 0.265 0.976 0.417
iou_thr: 0.10, precision, recall, f1_score : 0.330 0.945 0.489
iou_thr: 0.15, precision, recall, f1_score : 0.422 0.889 0.572
iou_thr: 0.20, precision, recall, f1_score : 0.513 0.811 0.628
iou_thr: 0.25, precision, recall, f1_score : 0.588 0.733 0.653
iou_thr: 0.30, precision, recall, f1_score : 0.652 0.662 0.657
iou_thr: 0.35, precision, recall, f1_score : 0.703 0.606 0.651
iou_thr: 0.40, precision, recall, f1_score : 0.770 0.562 0.650
iou_thr: 0.45, precision, recall, f1_score : 0.815 0.516 0.632
iou_thr: 0.50, precision, recall, f1_score : 0.862 0.476 0.613
iou_thr: 0.55, precision, recall, f1_score : 0.889 0.442 0.591
iou_thr: 0.60, precision, recall, f1_score : 0.923 0.413 0.571
iou_thr: 0.65, precision, recall, f1_score : 0.943 0.383 0.545
iou_thr: 0.70, precision, recall, f1_score : 0.954 0.355 0.518
iou_thr: 0.75, precision, recall, f1_score : 0.968 0.324 0.486
iou_thr: 0.80, precision, recall, f1_score : 0.976 0.289 0.446
iou_thr: 0.85, precision, recall, f1_score : 0.985 0.246 0.394
iou_thr: 0.90, precision, recall, f1_score : 0.986 0.193 0.323
iou_thr: 0.95, precision, recall, f1_score : 0.982 0.128 0.227
current best thr  0.3
current val score (precision, recall, f1score) : 0.6520898767818314 0.6617629030280741 0.6568907818679648
count 1
f1, pre, rec [1979 2438] 0.7180094786729858 0.7248803827751196 0.7112676056338029 426 418
f1, pre, rec [1979 2438] 0.7180094786729858 0.7248803827751196 0.7112676056338029
count 2
f1, pre, rec [1068 1757 1864] 0.7132667617689016 0.5836575875486382 0.9168704156479217 818 1285
f1, pre, rec [1068 1757 1864] 0.7156381202209436 0.6542689851618788 0.8140690106408623
count 3
f1, pre, rec [  83 2464] 0.7247058823529412 0.7264150943396226 0.7230046948356808 426 424
f1, pre, rec [  83 2464] 0.7186607075982762 0.6783176882211267 0.7837142387058019
count 4
f1, pre, rec [1044 1512 1911] 0.5058365758754864 0.8441558441558441 0.3611111111111111 180 77
f1, pre, rec [1044 1512 1911] 0.6654546746675787 0.7197772272048061 0.6780634568071292
count 5
f1, pre, rec [ 762 2156 2601] 0.6081632653061225 0.7760416666666666 0.5 298 192
f1, pre, rec [ 762 2156 2601] 0.6539963927952874 0.7310301150971782 0.6424507654457033
count 6
f1, pre, rec [1457 2076] 0.4980237154150198 0.863013698630137 0.35 180 73
f1, pre, rec [1457 2076] 0.6280009465652429 0.753027379019338 0.5937089712047529
count 7
f1, pre, rec [ 118 2127] 0.6441717791411042 0.963302752293578 0.4838709677419355 217 109
f1, pre, rec [ 118 2127] 0.6303110655046517 0.7830667180585152 0.5780178278529219
count 8
f1, pre, rec [1348 1969] 0.7846153846153847 0.8453038674033149 0.7320574162679426 418 362
f1, pre, rec [1348 1969] 0.6495991053934933 0.7908463617266152 0.5972727764047995
count 9
f1, pre, rec [1467] 0.7874015748031495 0.872093023255814 0.7177033492822966 418 344
f1, pre, rec [1467] 0.6649104908834551 0.7998737685631928 0.6106539511689658
count 10
f1, pre, rec [ 287  490 1660] 0.7081935793004311 0.582348305752561 0.9034229828850856 818 1269
f1, pre, rec [ 287  490 1660] 0.6692387997251528 0.7781212222821295 0.6399308543405777
count 11
f1, pre, rec [1262] 0.5079365079365079 0.8888888888888888 0.35555555555555557 180 72
f1, pre, rec [1262] 0.6545749550170942 0.7881910101554713 0.6140785544510302
count 12
f1, pre, rec [2219 2408] 0.7151747247486836 0.5877261998426436 0.91320293398533 818 1271
f1, pre, rec [2219 2408] 0.6596249358280599 0.771485609296069 0.6390055860788886
count 13
f1, pre, rec [ 277 2098] 0.464957264957265 0.5811965811965812 0.38746438746438744 351 234
f1, pre, rec [ 277 2098] 0.6446504996072295 0.7568479917499545 0.6196562631085423
count 14
f1, pre, rec [1550 2083 2407] 0.7118807118807119 0.5868358445678034 0.9046454767726161 818 1261
f1, pre, rec [1550 2083 2407] 0.649452657626764 0.7447042669512295 0.640012635513119
count 15
f1, pre, rec [ 720 2375 2489] 0.785 0.8219895287958116 0.7511961722488039 418 382
f1, pre, rec [ 720 2375 2489] 0.6584891471183131 0.7498566177408682 0.6474248712954981
count 16
f1, pre, rec [1289] 0.6419753086419753 0.9719626168224299 0.4792626728110599 217 107
f1, pre, rec [1289] 0.6574570322135419 0.7637382426834658 0.6369147338902207
count 17
f1, pre, rec [1899] 0.7864583333333334 0.8628571428571429 0.722488038277512 418 350
f1, pre, rec [1899] 0.6650453440441179 0.7695687662230939 0.6419484576777084
count 18
f1, pre, rec [180 192] 0.49751243781094534 0.5952380952380952 0.42735042735042733 351 252
f1, pre, rec [180 192] 0.6557379603644972 0.7598837289461495 0.6300263448817484
count 19
f1, pre, rec [1490] 0.7736842105263159 0.8596491228070176 0.7033492822966507 418 342
f1, pre, rec [1490] 0.661945657741435 0.765134539149353 0.6338854468509537
count 20
f1, pre, rec [ 439 1400] 0.6503067484662577 0.9724770642201835 0.48847926267281105 217 109
f1, pre, rec [ 439 1400] 0.6613637122776762 0.7755016654028946 0.6266151376420466
F1, Pre, Rec 0.6613637122776762 0.7755016654028946 0.6266151376420466
NMI:  0.37267329044765896
ARI:  0.5126168336347636
JAC:  0.5035661418054963
test1 time, avg time 0 0.0
==================================== 0.6767043546400985 0.719214753123141 0.6973122620832853
test1 time, test1 num 5.888850450515747 20
current best val score (precision, recall, f1score) : 0.6520898767818314 0.6617629030280741 0.6568907818679648
corresponding test1 score (precision, recall, f1score) : 0.7755016654028946 0.6266151376420466 0.6613637122776762
59 loss tensor(4.9417, grad_fn=<AddBackward0>)
60 loss tensor(4.9143, grad_fn=<AddBackward0>)
61 loss tensor(4.9051, grad_fn=<AddBackward0>)
62 loss tensor(5.2645, grad_fn=<AddBackward0>)
63 loss tensor(5.0291, grad_fn=<AddBackward0>)
64 loss tensor(4.6746, grad_fn=<AddBackward0>)
65 loss tensor(4.6536, grad_fn=<AddBackward0>)
66 loss tensor(4.5883, grad_fn=<AddBackward0>)
67 loss tensor(4.6612, grad_fn=<AddBackward0>)
68 loss tensor(4.5616, grad_fn=<AddBackward0>)

validation
num  all, output label  54160 7330.672705151631 8157.0
num  all, output_bin label_bin  54160 3989 8157
num  all, output_bin_0.4 label_bin_0.4  54160 5994 8157
iou_thr: 0.05, precision, recall, f1_score : 0.288 0.975 0.444
iou_thr: 0.10, precision, recall, f1_score : 0.379 0.933 0.539
iou_thr: 0.15, precision, recall, f1_score : 0.488 0.865 0.624
iou_thr: 0.20, precision, recall, f1_score : 0.581 0.782 0.667
iou_thr: 0.25, precision, recall, f1_score : 0.668 0.708 0.687
iou_thr: 0.30, precision, recall, f1_score : 0.741 0.647 0.691
iou_thr: 0.35, precision, recall, f1_score : 0.805 0.592 0.682
iou_thr: 0.40, precision, recall, f1_score : 0.866 0.542 0.667
iou_thr: 0.45, precision, recall, f1_score : 0.911 0.497 0.644
iou_thr: 0.50, precision, recall, f1_score : 0.941 0.460 0.618
iou_thr: 0.55, precision, recall, f1_score : 0.967 0.423 0.588
iou_thr: 0.60, precision, recall, f1_score : 0.978 0.381 0.549
iou_thr: 0.65, precision, recall, f1_score : 0.983 0.346 0.512
iou_thr: 0.70, precision, recall, f1_score : 0.988 0.315 0.478
iou_thr: 0.75, precision, recall, f1_score : 0.991 0.280 0.437
iou_thr: 0.80, precision, recall, f1_score : 0.991 0.241 0.387
iou_thr: 0.85, precision, recall, f1_score : 0.992 0.196 0.327
iou_thr: 0.90, precision, recall, f1_score : 0.991 0.150 0.260
iou_thr: 0.95, precision, recall, f1_score : 0.991 0.094 0.172
current best thr  0.3
current val score (precision, recall, f1score) : 0.740636835460794 0.6472968002942259 0.6908282088185268
count 1
f1, pre, rec [1979 2438] 0.7508939213349225 0.7627118644067796 0.7394366197183099 426 413
f1, pre, rec [1979 2438] 0.7508939213349225 0.7627118644067796 0.7394366197183099
count 2
f1, pre, rec [1068 1757 1864] 0.7699629825489159 0.6784715750232991 0.8899755501222494 818 1073
f1, pre, rec [1068 1757 1864] 0.7604284519419192 0.7205917197150393 0.8147060849202796
count 3
f1, pre, rec [  83 2464] 0.7568208778173192 0.7649880095923262 0.7488262910798122 426 417
f1, pre, rec [  83 2464] 0.7592259272337193 0.7353904830074683 0.7927461536401239
count 4
f1, pre, rec [1044 1512 1911] 0.5081967213114753 0.96875 0.34444444444444444 180 64
f1, pre, rec [1044 1512 1911] 0.6964686257531583 0.7937303622556012 0.6806707263412041
count 5
f1, pre, rec [ 762 2156 2601] 0.6257928118393234 0.8457142857142858 0.4966442953020134 298 175
f1, pre, rec [ 762 2156 2601] 0.6823334629703913 0.8041271469473381 0.6438654401333659
count 6
f1, pre, rec [1457 2076] 0.5061224489795919 0.9538461538461539 0.34444444444444444 180 65
f1, pre, rec [1457 2076] 0.6529649606385913 0.8290803147638074 0.593961940851879
count 7
f1, pre, rec [ 118 2127] 0.656441717791411 0.981651376146789 0.4930875576036866 217 109
f1, pre, rec [ 118 2127] 0.6534616402318514 0.8508761806756618 0.5795513146735658
count 8
f1, pre, rec [1348 1969] 0.8071065989847716 0.8594594594594595 0.7607655502392344 418 370
f1, pre, rec [1348 1969] 0.6726672600759663 0.8519490905236365 0.6022030941192744
count 9
f1, pre, rec [1467] 0.8113695090439277 0.8820224719101124 0.7511961722488039 418 356
f1, pre, rec [1467] 0.6880786210724065 0.8552905773443561 0.618757880578111
count 10
f1, pre, rec [ 287  490 1660] 0.7698878804057662 0.6834123222748815 0.8814180929095354 818 1055
f1, pre, rec [ 287  490 1660] 0.6962595470057424 0.8381027518374087 0.6450239018112535
count 11
f1, pre, rec [1262] 0.48962655601659755 0.9672131147540983 0.3277777777777778 180 61
f1, pre, rec [1262] 0.6774747296430929 0.8498400575571078 0.6161833450809374
count 12
f1, pre, rec [2219 2408] 0.7734042553191489 0.684557438794727 0.8887530562347188 818 1062
f1, pre, rec [2219 2408] 0.6854688567827641 0.836066505993576 0.6388974876770859
count 13
f1, pre, rec [ 277 2098] 0.4796905222437137 0.7469879518072289 0.35327635327635326 351 166
f1, pre, rec [ 277 2098] 0.669639754125914 0.8292143095177031 0.6169266311847218
count 14
f1, pre, rec [1550 2083 2407] 0.7680771290840921 0.6835081029551954 0.8765281173594132 818 1049
f1, pre, rec [1550 2083 2407] 0.6766709951943554 0.818806723334667 0.6354695944829141
count 15
f1, pre, rec [ 720 2375 2489] 0.8138101109741059 0.8396946564885496 0.7894736842105263 418 393
f1, pre, rec [ 720 2375 2489] 0.6858136029130055 0.8201992522115925 0.6457365337980882
count 16
f1, pre, rec [1289] 0.6523076923076924 0.9814814814814815 0.48847926267281105 217 108
f1, pre, rec [1289] 0.6837194835001734 0.8302793915409605 0.6359079543527584
count 17
f1, pre, rec [1899] 0.8020565552699229 0.8666666666666667 0.7464114832535885 418 360
f1, pre, rec [1899] 0.6906804877219234 0.8324198194895315 0.6424081619351601
count 18
f1, pre, rec [180 192] 0.512241054613936 0.7555555555555555 0.38746438746438744 351 180
f1, pre, rec [180 192] 0.6807671858825908 0.8281495826043107 0.6282446189090061
count 19
f1, pre, rec [1490] 0.7932379713914174 0.8689458689458689 0.7296650717703349 418 351
f1, pre, rec [1490] 0.686686700909371 0.8302967555696558 0.633582537480655
count 20
f1, pre, rec [ 439 1400] 0.6584615384615384 0.9907407407407407 0.4930875576036866 217 108
f1, pre, rec [ 439 1400] 0.6852754427869794 0.8383189548282101 0.6265577884868065
F1, Pre, Rec 0.6852754427869794 0.8383189548282101 0.6265577884868065
NMI:  0.41672125830840817
ARI:  0.5611545073494272
JAC:  0.533508420943446
test1 time, avg time 0 0.0
==================================== 0.7582860743541273 0.7158834027364663 0.7364749082007345
test1 time, test1 num 4.816560506820679 20
current best val score (precision, recall, f1score) : 0.740636835460794 0.6472968002942259 0.6908282088185268
corresponding test1 score (precision, recall, f1score) : 0.8383189548282101 0.6265577884868065 0.6852754427869794
69 loss tensor(4.6723, grad_fn=<AddBackward0>)
70 loss tensor(4.5647, grad_fn=<AddBackward0>)
71 loss tensor(4.5412, grad_fn=<AddBackward0>)
72 loss tensor(4.4871, grad_fn=<AddBackward0>)
73 loss tensor(4.4443, grad_fn=<AddBackward0>)
74 loss tensor(4.5422, grad_fn=<AddBackward0>)
75 loss tensor(4.2837, grad_fn=<AddBackward0>)
76 loss tensor(4.2997, grad_fn=<AddBackward0>)
77 loss tensor(4.1701, grad_fn=<AddBackward0>)
78 loss tensor(4.2032, grad_fn=<AddBackward0>)

validation
num  all, output label  54160 8230.34413954454 8157.0
num  all, output_bin label_bin  54160 4432 8157
num  all, output_bin_0.4 label_bin_0.4  54160 6892 8157
iou_thr: 0.05, precision, recall, f1_score : 0.280 0.982 0.435
iou_thr: 0.10, precision, recall, f1_score : 0.350 0.954 0.513
iou_thr: 0.15, precision, recall, f1_score : 0.436 0.914 0.590
iou_thr: 0.20, precision, recall, f1_score : 0.528 0.853 0.652
iou_thr: 0.25, precision, recall, f1_score : 0.613 0.780 0.687
iou_thr: 0.30, precision, recall, f1_score : 0.696 0.712 0.704
iou_thr: 0.35, precision, recall, f1_score : 0.773 0.653 0.708
iou_thr: 0.40, precision, recall, f1_score : 0.832 0.592 0.691
iou_thr: 0.45, precision, recall, f1_score : 0.881 0.549 0.677
iou_thr: 0.50, precision, recall, f1_score : 0.927 0.504 0.653
iou_thr: 0.55, precision, recall, f1_score : 0.959 0.465 0.626
iou_thr: 0.60, precision, recall, f1_score : 0.978 0.432 0.599
iou_thr: 0.65, precision, recall, f1_score : 0.984 0.397 0.566
iou_thr: 0.70, precision, recall, f1_score : 0.991 0.367 0.536
iou_thr: 0.75, precision, recall, f1_score : 0.992 0.339 0.505
iou_thr: 0.80, precision, recall, f1_score : 0.995 0.306 0.468
iou_thr: 0.85, precision, recall, f1_score : 0.994 0.266 0.419
iou_thr: 0.90, precision, recall, f1_score : 0.998 0.220 0.360
iou_thr: 0.95, precision, recall, f1_score : 0.998 0.149 0.259
current best thr  0.35
current val score (precision, recall, f1score) : 0.7727800348229832 0.6529361284786074 0.7078211176822381
count 1
f1, pre, rec [1979 2438] 0.7672955974842768 0.8265582655826558 0.715962441314554 426 369
f1, pre, rec [1979 2438] 0.7672955974842768 0.8265582655826558 0.715962441314554
count 2
f1, pre, rec [1068 1757 1864] 0.7977961432506887 0.7261785356068204 0.8850855745721271 818 997
f1, pre, rec [1068 1757 1864] 0.7825458703674828 0.7763684005947381 0.8005240079433406
count 3
f1, pre, rec [  83 2464] 0.7707808564231738 0.8315217391304348 0.7183098591549296 426 368
f1, pre, rec [  83 2464] 0.7786241990527132 0.7947528467733037 0.773119291680537
count 4
f1, pre, rec [1044 1512 1911] 0.5203252032520325 0.9696969696969697 0.35555555555555557 180 66
f1, pre, rec [1044 1512 1911] 0.714049450102543 0.8384888775042202 0.6687283576492916
count 5
f1, pre, rec [ 762 2156 2601] 0.6401673640167364 0.85 0.5134228187919463 298 180
f1, pre, rec [ 762 2156 2601] 0.6992730328853816 0.8407911020033761 0.6376672498778225
count 6
f1, pre, rec [1457 2076] 0.5061224489795919 0.9538461538461539 0.34444444444444444 180 65
f1, pre, rec [1457 2076] 0.6670812689010833 0.8596336106438391 0.5887967823055928
count 7
f1, pre, rec [ 118 2127] 0.656441717791411 0.981651376146789 0.4930875576036866 217 109
f1, pre, rec [ 118 2127] 0.665561333028273 0.8770647200014033 0.5751240359196063
count 8
f1, pre, rec [1348 1969] 0.8174807197943446 0.8833333333333333 0.7607655502392344 418 360
f1, pre, rec [1348 1969] 0.684551256374032 0.8778482966678947 0.5983292252095598
count 9
f1, pre, rec [1467] 0.8125000000000001 0.8914285714285715 0.7464114832535885 418 350
f1, pre, rec [1467] 0.698767783443584 0.8793572160857477 0.6147828094366741
count 10
f1, pre, rec [ 287  490 1660] 0.7924107142857143 0.728952772073922 0.8679706601466992 818 974
f1, pre, rec [ 287  490 1660] 0.7081320765277971 0.8643167716845651 0.6401015945076767
count 11
f1, pre, rec [1262] 0.512396694214876 1.0 0.34444444444444444 180 62
f1, pre, rec [1262] 0.690337950862986 0.876651610622332 0.6132236717746555
count 12
f1, pre, rec [2219 2408] 0.8008923591745677 0.7364102564102564 0.8777506112469438 818 975
f1, pre, rec [2219 2408] 0.6995508182222845 0.8649648311046589 0.6352675833973461
count 13
f1, pre, rec [ 277 2098] 0.5009009009009009 0.6813725490196079 0.396011396011396 351 204
f1, pre, rec [ 277 2098] 0.6842700553514087 0.8508423478673474 0.6168632612907347
count 14
f1, pre, rec [1550 2083 2407] 0.7926829268292683 0.7251521298174443 0.8740831295843521 818 986
f1, pre, rec [1550 2083 2407] 0.6920138318855417 0.841864475149497 0.6352361090259931
count 15
f1, pre, rec [ 720 2375 2489] 0.8276729559748428 0.8726790450928382 0.7870813397129187 418 377
f1, pre, rec [ 720 2375 2489] 0.701057773491495 0.8439187798123864 0.6453591244051214
count 16
f1, pre, rec [1289] 0.6523076923076924 0.9814814814814815 0.48847926267281105 217 108
f1, pre, rec [1289] 0.6980108934175073 0.8525164486667048 0.635554133046852
count 17
f1, pre, rec [1899] 0.813953488372093 0.8848314606741573 0.7535885167464115 418 356
f1, pre, rec [1899] 0.7048310460618947 0.8544173317259667 0.6424973320880026
count 18
f1, pre, rec [180 192] 0.5359019264448336 0.6954545454545454 0.4358974358974359 351 220
f1, pre, rec [180 192] 0.6954460949720579 0.8455860658219989 0.6310195600774156
count 19
f1, pre, rec [1490] 0.8135593220338984 0.8939828080229226 0.7464114832535885 418 349
f1, pre, rec [1490] 0.7016625806068916 0.8481332627799423 0.637092819191951
count 20
f1, pre, rec [ 439 1400] 0.6584615384615384 0.9907407407407407 0.4930875576036866 217 108
f1, pre, rec [ 439 1400] 0.699502528499624 0.8552636366779822 0.6298925561125378
F1, Pre, Rec 0.699502528499624 0.8552636366779822 0.6298925561125378
NMI:  0.4370303993084068
ARI:  0.5850427805351672
JAC:  0.5508269120643359
test1 time, avg time 0 0.0
==================================== 0.793485427930898 0.7158834027364663 0.7526895171378534
test1 time, test1 num 3.5747265815734863 20
current best val score (precision, recall, f1score) : 0.7727800348229832 0.6529361284786074 0.7078211176822381
corresponding test1 score (precision, recall, f1score) : 0.8552636366779822 0.6298925561125378 0.699502528499624
79 loss tensor(4.2318, grad_fn=<AddBackward0>)
80 loss tensor(4.1924, grad_fn=<AddBackward0>)
81 loss tensor(4.1659, grad_fn=<AddBackward0>)
82 loss tensor(4.0432, grad_fn=<AddBackward0>)
83 loss tensor(4.0842, grad_fn=<AddBackward0>)
84 loss tensor(4.0332, grad_fn=<AddBackward0>)
85 loss tensor(3.9518, grad_fn=<AddBackward0>)
86 loss tensor(4.1270, grad_fn=<AddBackward0>)
87 loss tensor(3.9888, grad_fn=<AddBackward0>)
88 loss tensor(3.9756, grad_fn=<AddBackward0>)

validation
num  all, output label  54160 8204.089659493975 8157.0
num  all, output_bin label_bin  54160 4655 8157
num  all, output_bin_0.4 label_bin_0.4  54160 7045 8157
iou_thr: 0.05, precision, recall, f1_score : 0.290 0.986 0.449
iou_thr: 0.10, precision, recall, f1_score : 0.367 0.957 0.530
iou_thr: 0.15, precision, recall, f1_score : 0.454 0.916 0.607
iou_thr: 0.20, precision, recall, f1_score : 0.542 0.858 0.665
iou_thr: 0.25, precision, recall, f1_score : 0.624 0.791 0.698
iou_thr: 0.30, precision, recall, f1_score : 0.700 0.725 0.712
iou_thr: 0.35, precision, recall, f1_score : 0.770 0.665 0.714
iou_thr: 0.40, precision, recall, f1_score : 0.835 0.609 0.705
iou_thr: 0.45, precision, recall, f1_score : 0.885 0.565 0.690
iou_thr: 0.50, precision, recall, f1_score : 0.922 0.526 0.670
iou_thr: 0.55, precision, recall, f1_score : 0.951 0.487 0.645
iou_thr: 0.60, precision, recall, f1_score : 0.973 0.456 0.621
iou_thr: 0.65, precision, recall, f1_score : 0.985 0.423 0.592
iou_thr: 0.70, precision, recall, f1_score : 0.987 0.394 0.563
iou_thr: 0.75, precision, recall, f1_score : 0.989 0.361 0.529
iou_thr: 0.80, precision, recall, f1_score : 0.996 0.326 0.491
iou_thr: 0.85, precision, recall, f1_score : 0.997 0.288 0.446
iou_thr: 0.90, precision, recall, f1_score : 0.998 0.243 0.391
iou_thr: 0.95, precision, recall, f1_score : 1.000 0.169 0.290
current best thr  0.35
current val score (precision, recall, f1score) : 0.7701916252661462 0.6651955375750889 0.7138534403367978
count 1
f1, pre, rec [1979 2438] 0.7842170160295932 0.825974025974026 0.7464788732394366 426 385
f1, pre, rec [1979 2438] 0.7842170160295932 0.825974025974026 0.7464788732394366
count 2
f1, pre, rec [1068 1757 1864] 0.7954173486088381 0.7182266009852217 0.89119804400978 818 1015
f1, pre, rec [1068 1757 1864] 0.7898171823192156 0.7721003134796238 0.8188384586246082
count 3
f1, pre, rec [  83 2464] 0.7911001236093943 0.835509138381201 0.7511737089201878 426 383
f1, pre, rec [  83 2464] 0.7902448294159418 0.7932365884468163 0.796283542056468
count 4
f1, pre, rec [1044 1512 1911] 0.5306122448979591 1.0 0.3611111111111111 180 65
f1, pre, rec [1044 1512 1911] 0.7253366832864461 0.8449274413351122 0.6874904343201288
count 5
f1, pre, rec [ 762 2156 2601] 0.6626746506986027 0.8177339901477833 0.5570469798657718 298 203
f1, pre, rec [ 762 2156 2601] 0.7128042767688774 0.8394887510976463 0.6614017434292574
count 6
f1, pre, rec [1457 2076] 0.5224489795918368 0.9846153846153847 0.35555555555555557 180 65
f1, pre, rec [1457 2076] 0.6810783939060373 0.8636765233506027 0.6104273787836404
count 7
f1, pre, rec [ 118 2127] 0.656441717791411 0.981651376146789 0.4930875576036866 217 109
f1, pre, rec [ 118 2127] 0.6775588687468049 0.8805300737500579 0.5936645471865042
count 8
f1, pre, rec [1348 1969] 0.8365508365508366 0.9052924791086351 0.777511961722488 418 359
f1, pre, rec [1348 1969] 0.6974328647223089 0.88362537441988 0.6166454740035021
count 9
f1, pre, rec [1467] 0.8344198174706651 0.9169054441260746 0.7655502392344498 418 349
f1, pre, rec [1467] 0.712653637249904 0.8873231599427904 0.6331904479180519
count 10
f1, pre, rec [ 287  490 1660] 0.7933518005540167 0.7254305977710233 0.8753056234718827 818 987
f1, pre, rec [ 287  490 1660] 0.7207234535803153 0.8711339037256138 0.657401965473435
count 11
f1, pre, rec [1262] 0.5102880658436214 0.9841269841269841 0.34444444444444444 180 63
f1, pre, rec [1262] 0.7015929637860704 0.8814060019439203 0.6289512817435268
count 12
f1, pre, rec [2219 2408] 0.7923076923076923 0.719560878243513 0.8814180929095354 818 1002
f1, pre, rec [2219 2408] 0.7091525244962056 0.8679189083022196 0.6499901826740274
count 13
f1, pre, rec [ 277 2098] 0.5263157894736842 0.725 0.4131054131054131 351 200
f1, pre, rec [ 277 2098] 0.695088160263704 0.8569251461251258 0.6317682773225956
count 14
f1, pre, rec [1550 2083 2407] 0.7947310647639956 0.7211155378486056 0.8850855745721271 818 1004
f1, pre, rec [1550 2083 2407] 0.7022055105851533 0.8472244598196601 0.6498623699832764
count 15
f1, pre, rec [ 720 2375 2489] 0.8445006321112515 0.8954423592493298 0.7990430622009569 418 373
f1, pre, rec [ 720 2375 2489] 0.7116918520202267 0.8504389864483047 0.6598077494644551
count 16
f1, pre, rec [1289] 0.6523076923076924 0.9814814814814815 0.48847926267281105 217 108
f1, pre, rec [1289] 0.7079803420381933 0.8586291423878782 0.6490997190399773
count 17
f1, pre, rec [1899] 0.8365508365508366 0.9052924791086351 0.777511961722488 418 359
f1, pre, rec [1899] 0.7155433123036429 0.8613740445479228 0.6566533803742427
count 18
f1, pre, rec [180 192] 0.553191489361702 0.7323943661971831 0.4444444444444444 351 213
f1, pre, rec [180 192] 0.7065237665846461 0.8542085068617706 0.6448639950448095
count 19
f1, pre, rec [1490] 0.8256880733944953 0.9130434782608695 0.7535885167464115 418 345
f1, pre, rec [1490] 0.7127955722062171 0.8573050843038285 0.6505863382922622
count 20
f1, pre, rec [ 439 1400] 0.6584615384615384 0.9907407407407407 0.4930875576036866 217 108
f1, pre, rec [ 439 1400] 0.7100788705189831 0.8639768671256741 0.6427113992578335
F1, Pre, Rec 0.7100788705189831 0.8639768671256741 0.6427113992578335
NMI:  0.45281188247606846
ARI:  0.5970966062308072
JAC:  0.5638137149318824
test1 time, avg time 0 0.0
==================================== 0.7959714100064977 0.7287328970850684 0.7608695652173912
test1 time, test1 num 4.0661842823028564 20
current best val score (precision, recall, f1score) : 0.7701916252661462 0.6651955375750889 0.7138534403367978
corresponding test1 score (precision, recall, f1score) : 0.8639768671256741 0.6427113992578335 0.7100788705189831
89 loss tensor(4.0595, grad_fn=<AddBackward0>)
90 loss tensor(4.0506, grad_fn=<AddBackward0>)
91 loss tensor(3.9581, grad_fn=<AddBackward0>)
92 loss tensor(4.0600, grad_fn=<AddBackward0>)
93 loss tensor(4.0447, grad_fn=<AddBackward0>)
94 loss tensor(4.0671, grad_fn=<AddBackward0>)
95 loss tensor(3.9311, grad_fn=<AddBackward0>)
96 loss tensor(3.8077, grad_fn=<AddBackward0>)
97 loss tensor(4.0537, grad_fn=<AddBackward0>)
98 loss tensor(3.9152, grad_fn=<AddBackward0>)

validation
num  all, output label  54160 8476.872454530567 8157.0
num  all, output_bin label_bin  54160 4675 8157
num  all, output_bin_0.4 label_bin_0.4  54160 7322 8157
iou_thr: 0.05, precision, recall, f1_score : 0.283 0.987 0.440
iou_thr: 0.10, precision, recall, f1_score : 0.349 0.963 0.512
iou_thr: 0.15, precision, recall, f1_score : 0.426 0.931 0.584
iou_thr: 0.20, precision, recall, f1_score : 0.514 0.883 0.650
iou_thr: 0.25, precision, recall, f1_score : 0.603 0.818 0.694
iou_thr: 0.30, precision, recall, f1_score : 0.689 0.754 0.720
iou_thr: 0.35, precision, recall, f1_score : 0.767 0.689 0.726
iou_thr: 0.40, precision, recall, f1_score : 0.836 0.628 0.718
iou_thr: 0.45, precision, recall, f1_score : 0.887 0.573 0.696
iou_thr: 0.50, precision, recall, f1_score : 0.931 0.534 0.678
iou_thr: 0.55, precision, recall, f1_score : 0.961 0.493 0.651
iou_thr: 0.60, precision, recall, f1_score : 0.975 0.451 0.617
iou_thr: 0.65, precision, recall, f1_score : 0.983 0.417 0.585
iou_thr: 0.70, precision, recall, f1_score : 0.986 0.378 0.547
iou_thr: 0.75, precision, recall, f1_score : 0.990 0.348 0.515
iou_thr: 0.80, precision, recall, f1_score : 0.997 0.310 0.473
iou_thr: 0.85, precision, recall, f1_score : 0.999 0.272 0.428
iou_thr: 0.90, precision, recall, f1_score : 1.000 0.222 0.364
iou_thr: 0.95, precision, recall, f1_score : 1.000 0.154 0.267
current best thr  0.35
current val score (precision, recall, f1score) : 0.7671401256487299 0.6886110089493687 0.7257574778732475
count 1
f1, pre, rec [1979 2438] 0.7721822541966428 0.7892156862745098 0.755868544600939 426 408
f1, pre, rec [1979 2438] 0.7721822541966428 0.7892156862745098 0.755868544600939
count 2
f1, pre, rec [1068 1757 1864] 0.8044198895027626 0.7338709677419355 0.8899755501222494 818 992
f1, pre, rec [1068 1757 1864] 0.7883010718497027 0.7615433270082226 0.8229220473615941
count 3
f1, pre, rec [  83 2464] 0.7799043062200959 0.7951219512195122 0.7652582159624414 426 410
f1, pre, rec [  83 2464] 0.785502149973167 0.7727362017453192 0.8037007702285432
count 4
f1, pre, rec [1044 1512 1911] 0.5396825396825397 0.9444444444444444 0.37777777777777777 180 72
f1, pre, rec [1044 1512 1911] 0.7240472474005102 0.8156632624201006 0.6972200221158519
count 5
f1, pre, rec [ 762 2156 2601] 0.6692160611854685 0.7777777777777778 0.587248322147651 298 225
f1, pre, rec [ 762 2156 2601] 0.7130810101575019 0.808086165491636 0.6752256821222117
count 6
f1, pre, rec [1457 2076] 0.5418326693227091 0.9577464788732394 0.37777777777777777 180 71
f1, pre, rec [1457 2076] 0.6845396200183697 0.8330295510552365 0.6256510313981394
count 7
f1, pre, rec [ 118 2127] 0.6646341463414634 0.9819819819819819 0.5023041474654378 217 111
f1, pre, rec [ 118 2127] 0.6816959809216688 0.8543084697590573 0.608030047979182
count 8
f1, pre, rec [1348 1969] 0.8337468982630273 0.865979381443299 0.8038277511961722 418 388
f1, pre, rec [1348 1969] 0.7007023455893386 0.8557673337195875 0.6325047608813058
count 9
f1, pre, rec [1467] 0.8248730964467005 0.8783783783783784 0.777511961722488 418 370
f1, pre, rec [1467] 0.7144990956846011 0.8582796720150087 0.6486166720858816
count 10
f1, pre, rec [ 287  490 1660] 0.8110236220472441 0.7510416666666667 0.8814180929095354 818 960
f1, pre, rec [ 287  490 1660] 0.7241515483208654 0.8475558714801744 0.671896814168247
count 11
f1, pre, rec [1262] 0.5241935483870968 0.9558823529411765 0.3611111111111111 180 68
f1, pre, rec [1262] 0.7059735483268864 0.8574037334311746 0.6436435684357801
count 12
f1, pre, rec [2219 2408] 0.8082039911308204 0.7393509127789046 0.89119804400978 818 986
f1, pre, rec [2219 2408] 0.714492751893881 0.8475659983768188 0.6642731080669467
count 13
f1, pre, rec [ 277 2098] 0.5641025641025641 0.7051282051282052 0.4700854700854701 351 234
f1, pre, rec [ 277 2098] 0.7029242759099336 0.8366092450500022 0.6493355974529869
count 14
f1, pre, rec [1550 2083 2407] 0.8091263216471897 0.7425944841675178 0.8887530562347188 818 979
f1, pre, rec [1550 2083 2407] 0.7105101363197376 0.8298939049869676 0.6664368445088249
count 15
f1, pre, rec [ 720 2375 2489] 0.8423645320197045 0.868020304568528 0.8181818181818182 418 394
f1, pre, rec [ 720 2375 2489] 0.719300429366402 0.8324356649590716 0.6765531760870245
count 16
f1, pre, rec [1289] 0.6585365853658537 0.972972972972973 0.4976958525345622 217 111
f1, pre, rec [1289] 0.7155026891163677 0.8412192467099405 0.6653745933649956
count 17
f1, pre, rec [1899] 0.8331242158092849 0.8759894459102903 0.7942583732057417 418 379
f1, pre, rec [1899] 0.7224216024512452 0.8432645525452552 0.6729559921791571
count 18
f1, pre, rec [180 192] 0.5686274509803921 0.6666666666666666 0.49572649572649574 351 261
f1, pre, rec [180 192] 0.7138774829250867 0.8334535588853336 0.6631099090428981
count 19
f1, pre, rec [1490] 0.8229299363057324 0.8801089918256131 0.7727272727272727 418 367
f1, pre, rec [1490] 0.7196170857345944 0.8359091079874537 0.6688792439736547
count 20
f1, pre, rec [ 439 1400] 0.6606060606060606 0.9646017699115044 0.5023041474654378 217 113
f1, pre, rec [ 439 1400] 0.7166665344781676 0.8423437410836561 0.6605504891482439
F1, Pre, Rec 0.7166665344781676 0.8423437410836561 0.6605504891482439
NMI:  0.44999045275234656
ARI:  0.6042407147408817
JAC:  0.5704714281971881
test1 time, avg time 0 0.0
==================================== 0.7914925939992404 0.7438429506246282 0.7669283611383712
test1 time, test1 num 3.8284294605255127 20
current best val score (precision, recall, f1score) : 0.7671401256487299 0.6886110089493687 0.7257574778732475
corresponding test1 score (precision, recall, f1score) : 0.8423437410836561 0.6605504891482439 0.7166665344781676
99 loss tensor(3.9120, grad_fn=<AddBackward0>)
num  all, output label  54160 8444.808766045111 8157.0
num  all, output_bin label_bin  54160 4685 8157
num  all, output_bin_0.4 label_bin_0.4  54160 7267 8157
iou_thr: 0.05, precision, recall, f1_score : 0.283 0.987 0.440
iou_thr: 0.10, precision, recall, f1_score : 0.350 0.962 0.514
iou_thr: 0.15, precision, recall, f1_score : 0.429 0.930 0.587
iou_thr: 0.20, precision, recall, f1_score : 0.519 0.880 0.653
iou_thr: 0.25, precision, recall, f1_score : 0.608 0.817 0.697
iou_thr: 0.30, precision, recall, f1_score : 0.695 0.750 0.721
iou_thr: 0.35, precision, recall, f1_score : 0.772 0.688 0.727
iou_thr: 0.40, precision, recall, f1_score : 0.840 0.627 0.718
iou_thr: 0.45, precision, recall, f1_score : 0.890 0.573 0.697
iou_thr: 0.50, precision, recall, f1_score : 0.929 0.534 0.678
iou_thr: 0.55, precision, recall, f1_score : 0.961 0.493 0.652
iou_thr: 0.60, precision, recall, f1_score : 0.976 0.452 0.618
iou_thr: 0.65, precision, recall, f1_score : 0.983 0.418 0.587
iou_thr: 0.70, precision, recall, f1_score : 0.986 0.380 0.548
iou_thr: 0.75, precision, recall, f1_score : 0.990 0.350 0.517
iou_thr: 0.80, precision, recall, f1_score : 0.997 0.312 0.475
iou_thr: 0.85, precision, recall, f1_score : 0.998 0.275 0.431
iou_thr: 0.90, precision, recall, f1_score : 1.000 0.224 0.366
iou_thr: 0.95, precision, recall, f1_score : 1.000 0.155 0.268
current best thr  0.35
current val score (precision, recall, f1score) : 0.7717077198293656 0.6875076621306853 0.7271784232365144
count 1
f1, pre, rec [1979 2438] 0.7765830346475509 0.7907542579075426 0.7629107981220657 426 411
f1, pre, rec [1979 2438] 0.7765830346475509 0.7907542579075426 0.7629107981220657
count 2
f1, pre, rec [1068 1757 1864] 0.8091263216471897 0.7425944841675178 0.8887530562347188 818 979
f1, pre, rec [1068 1757 1864] 0.7928546781473702 0.7666743710375302 0.8258319271783923
count 3
f1, pre, rec [  83 2464] 0.7785714285714285 0.7898550724637681 0.7676056338028169 426 414
f1, pre, rec [  83 2464] 0.7880935949553897 0.7744012715129429 0.8064231627198671
count 4
f1, pre, rec [1044 1512 1911] 0.5375494071146245 0.9315068493150684 0.37777777777777777 180 73
f1, pre, rec [1044 1512 1911] 0.7254575479951983 0.8136776659634744 0.6992618164843448
count 5
f1, pre, rec [ 762 2156 2601] 0.6717850287907869 0.7847533632286996 0.587248322147651 298 223
f1, pre, rec [ 762 2156 2601] 0.7147230441543161 0.8078928054165194 0.676859117617006
count 6
f1, pre, rec [1457 2076] 0.5359999999999999 0.9571428571428572 0.37222222222222223 180 70
f1, pre, rec [1457 2076] 0.6849358701285967 0.8327678140375757 0.6260863017178754
count 7
f1, pre, rec [ 118 2127] 0.6646341463414634 0.9819819819819819 0.5023041474654378 217 111
f1, pre, rec [ 118 2127] 0.682035623873292 0.8540841237439195 0.6084031368246701
count 8
f1, pre, rec [1348 1969] 0.8339575530586767 0.8720626631853786 0.7990430622009569 418 383
f1, pre, rec [1348 1969] 0.7010258650214651 0.8563314411741019 0.6322331274967059
count 9
f1, pre, rec [1467] 0.8280254777070064 0.885558583106267 0.777511961722488 418 367
f1, pre, rec [1467] 0.7151369330976364 0.8595789013887869 0.6483752201884595
count 10
f1, pre, rec [ 287  490 1660] 0.8169491525423729 0.759453781512605 0.8838630806845966 818 952
f1, pre, rec [ 287  490 1660] 0.7253181550421101 0.8495663894011687 0.6719240062380731
count 11
f1, pre, rec [1262] 0.5220883534136546 0.9420289855072463 0.3611111111111111 180 69
f1, pre, rec [1262] 0.7068427185304323 0.8579720799562666 0.6436682884992584
count 12
f1, pre, rec [2219 2408] 0.8089136490250695 0.7430910951893551 0.8875305623471883 818 977
f1, pre, rec [2219 2408] 0.7153486294049854 0.8483986645590239 0.6639901446532526
count 13
f1, pre, rec [ 277 2098] 0.5545927209705374 0.7079646017699115 0.45584045584045585 351 226
f1, pre, rec [ 277 2098] 0.7029827902946433 0.8375960443444768 0.6479786301291912
count 14
f1, pre, rec [1550 2083 2407] 0.8118369625907315 0.7471736896197327 0.8887530562347188 818 973
f1, pre, rec [1550 2083 2407] 0.7107580883157925 0.8311373047212808 0.6651768034224432
count 15
f1, pre, rec [ 720 2375 2489] 0.8444444444444446 0.8724489795918368 0.8181818181818182 418 392
f1, pre, rec [ 720 2375 2489] 0.7196705120577026 0.8338914163793179 0.675377137739735
count 16
f1, pre, rec [1289] 0.6585365853658537 0.972972972972973 0.4976958525345622 217 111
f1, pre, rec [1289] 0.7158496416394621 0.8425840136664213 0.6642720574144116
count 17
f1, pre, rec [1899] 0.8327044025157232 0.8779840848806366 0.7918660287081339 418 377
f1, pre, rec [1899] 0.7227234511027716 0.8446663707966693 0.6717775851375718
count 18
f1, pre, rec [180 192] 0.5723684210526316 0.6770428015564203 0.49572649572649574 351 257
f1, pre, rec [180 192] 0.7143703938777638 0.8353539502833222 0.6619969690591786
count 19
f1, pre, rec [1490] 0.8233799237611181 0.8780487804878049 0.7751196172248804 418 369
f1, pre, rec [1490] 0.7201077375558351 0.8376010466098739 0.6679507926468472
count 20
f1, pre, rec [ 439 1400] 0.6606060606060606 0.9646017699115044 0.5023041474654378 217 113
f1, pre, rec [ 439 1400] 0.7171326537083463 0.8439510827749555 0.6596684603877767
F1, Pre, Rec 0.7171326537083463 0.8439510827749555 0.6596684603877767
NMI:  0.45137711746281683
ARI:  0.6060453800035465
JAC:  0.5714704547370525
test1 time, avg time 0 0.0
==================================== 0.795972983305722 0.7431290898274836 0.7686438592173271
test1 time, test1 num 4.084537029266357 20
current best val score (precision, recall, f1score) : 0.7717077198293656 0.6875076621306853 0.7271784232365144
corresponding test1 score (precision, recall, f1score) : 0.8439510827749555 0.6596684603877767 0.7171326537083463
./GCN_model.pt
Final Results
best val score (precision, recall, f1score) : 0.7717077198293656 0.6875076621306853 0.7271784232365144
test1 score (precision, recall, f1score) : 0.8439510827749555 0.6596684603877767 0.7171326537083463
## Finishing Time: 2026-03-24 23:08:45
## Running Time: 953
= = = = = = = = = = = = = = = = = = = = 
