nohup: ignoring input
Loaded dense features: 2708 nodes, feature dim: 1433, matrix shape: (2708, 1433)
Found 7 communities
Generating training queries...
Generated 150 queries
Generating validation queries...
Generated 100 queries
Generating test queries...
Generated 100 queries
150 100 100
-------------------- 150 150
-------------------- 100 100
-------------------- 100 100
38 100 100
QD_GCN
0 loss tensor(42.4893, grad_fn=<AddBackward0>)
num  all, output label  270800 4986.492582475813 39081.0
num  all, output_bin label_bin  270800 655 39081
num  all, output_bin_0.4 label_bin_0.4  270800 1341 39081
iou_thr: 0.05, precision, recall, f1_score : 0.229 0.143 0.176
iou_thr: 0.10, precision, recall, f1_score : 0.267 0.066 0.105
iou_thr: 0.15, precision, recall, f1_score : 0.309 0.040 0.071
iou_thr: 0.20, precision, recall, f1_score : 0.340 0.029 0.053
iou_thr: 0.25, precision, recall, f1_score : 0.352 0.021 0.040
iou_thr: 0.30, precision, recall, f1_score : 0.359 0.017 0.032
iou_thr: 0.35, precision, recall, f1_score : 0.428 0.015 0.028
iou_thr: 0.40, precision, recall, f1_score : 0.446 0.012 0.023
iou_thr: 0.45, precision, recall, f1_score : 0.453 0.010 0.019
iou_thr: 0.50, precision, recall, f1_score : 0.534 0.009 0.018
iou_thr: 0.55, precision, recall, f1_score : 0.527 0.007 0.014
iou_thr: 0.60, precision, recall, f1_score : 0.526 0.007 0.013
iou_thr: 0.65, precision, recall, f1_score : 0.494 0.006 0.011
iou_thr: 0.70, precision, recall, f1_score : 0.483 0.005 0.010
iou_thr: 0.75, precision, recall, f1_score : 0.466 0.005 0.009
iou_thr: 0.80, precision, recall, f1_score : 0.393 0.003 0.006
iou_thr: 0.85, precision, recall, f1_score : 0.371 0.003 0.005
iou_thr: 0.90, precision, recall, f1_score : 0.338 0.002 0.004
iou_thr: 0.95, precision, recall, f1_score : 0.358 0.001 0.003
current best thr  0.05
current val score (precision, recall, f1score) : 0.22899634361776428 0.1426268519229293 0.17577496767683135
count 1
f1, pre, rec [1399 1762] 0.20332717190388175 0.4166666666666667 0.13447432762836187 818 264
f1, pre, rec [1399 1762] 0.20332717190388175 0.4166666666666667 0.13447432762836187
count 2
f1, pre, rec [42 61] 0.1908256880733945 0.21052631578947367 0.174496644295302 298 247
f1, pre, rec [42 61] 0.1970764299886381 0.3135964912280702 0.15448548596183193
count 3
f1, pre, rec [1606 2117 2616] 0.21994134897360704 0.2840909090909091 0.17942583732057416 418 264
f1, pre, rec [1606 2117 2616] 0.20469806965029444 0.30376129718234984 0.162798936414746
count 4
f1, pre, rec [ 251 1187 2471] 0.19611470860314523 0.40304182509505704 0.1295843520782396 818 263
f1, pre, rec [ 251 1187 2471] 0.20255222938850714 0.3285814291605267 0.1544952903306194
count 5
f1, pre, rec [ 239 2396] 0.20679468242245203 0.2702702702702703 0.1674641148325359 418 259
f1, pre, rec [ 239 2396] 0.20340071999529613 0.31691919738247537 0.1570890552310027
count 6
f1, pre, rec [1295] 0.10552763819095477 0.0963302752293578 0.11666666666666667 180 218
f1, pre, rec [1295] 0.18708853969457254 0.28015437702362245 0.15035199047028003
count 7
f1, pre, rec [412 871] 0.1944954128440367 0.2145748987854251 0.17785234899328858 298 247
f1, pre, rec [412 871] 0.1881466644302103 0.27078588013245136 0.1542806131164241
count 8
f1, pre, rec [ 572 1467 1606] 0.22773722627737225 0.29213483146067415 0.18660287081339713 418 267
f1, pre, rec [ 572 1467 1606] 0.19309548466110554 0.27345449904847924 0.15832089532854574
count 9
f1, pre, rec [1661] 0.18147801683816653 0.38645418326693226 0.11858190709046455 818 251
f1, pre, rec [1661] 0.1918046549030012 0.28601001951719623 0.15390545219098117
count 10
f1, pre, rec [  6  49 344] 0.12251655629139074 0.14624505928853754 0.10541310541310542 351 253
f1, pre, rec [  6  49 344] 0.18487584504184015 0.2720335234943304 0.1490562175131936
count 11
f1, pre, rec [1773 2581] 0.18749999999999997 0.2073170731707317 0.17114093959731544 298 246
f1, pre, rec [1773 2581] 0.18511440458349104 0.2661502098285487 0.151063919520841
count 12
f1, pre, rec [213 593] 0.10684474123539232 0.12903225806451613 0.09116809116809117 351 248
f1, pre, rec [213 593] 0.17859193263781614 0.25472371384821263 0.1460726004914452
count 13
f1, pre, rec [1229 1807 2391] 0.19091751621872105 0.3946360153256705 0.12591687041564792 818 261
f1, pre, rec [1229 1807 2391] 0.17954005445173188 0.26548619857724787 0.14452215971638388
count 14
f1, pre, rec [1013] 0.19498607242339833 0.40540540540540543 0.12836185819070906 818 259
f1, pre, rec [1013] 0.1806433414497081 0.27548042763640196 0.14336785246454994
count 15
f1, pre, rec [  23 1986 2416] 0.04597701149425288 0.045871559633027525 0.04608294930875576 217 218
f1, pre, rec [  23 1986 2416] 0.1716655861193444 0.2601731697695103 0.13688219225416368
count 16
f1, pre, rec [353] 0.1881918819188192 0.20901639344262296 0.17114093959731544 298 244
f1, pre, rec [353] 0.17269847960681156 0.2569758712490799 0.13902336396311066
count 17
f1, pre, rec [ 701 1894 2297] 0.18941504178272983 0.3938223938223938 0.12469437652811736 818 259
f1, pre, rec [ 701 1894 2297] 0.17368180679363027 0.26502566669456895 0.13818048234928754
count 18
f1, pre, rec [1331 2164] 0.11000000000000001 0.1 0.12222222222222222 180 220
f1, pre, rec [1331 2164] 0.1701439286384286 0.2558575741004262 0.13729391234222835
count 19
f1, pre, rec [ 514 1236 1400] 0.05504587155963303 0.0547945205479452 0.055299539170506916 217 219
f1, pre, rec [ 514 1236 1400] 0.16408613616059725 0.24527530812397982 0.1329784190174009
count 20
f1, pre, rec [ 349  943 1180] 0.11608623548922055 0.1388888888888889 0.09971509971509972 351 252
f1, pre, rec [ 349  943 1180] 0.16168614112702842 0.2399559871622253 0.13131525305228584
count 21
f1, pre, rec [1552 2334] 0.11970074812967582 0.1085972850678733 0.13333333333333333 180 221
f1, pre, rec [1552 2334] 0.15968683669858305 0.23370081087201805 0.1314113521132881
count 22
f1, pre, rec [257] 0.18639328984156572 0.39215686274509803 0.12224938875305623 818 255
f1, pre, rec [257] 0.16090076638690046 0.2409033586844308 0.13099489923327756
count 23
f1, pre, rec [1811 2339] 0.20414201183431954 0.26744186046511625 0.16507177033492823 418 258
f1, pre, rec [1811 2339] 0.16278082053678822 0.24205720658793883 0.13247650232465366
count 24
f1, pre, rec [ 946 1658] 0.11499999999999998 0.10454545454545454 0.12777777777777777 180 220
f1, pre, rec [ 946 1658] 0.16078995301442203 0.23632755025283533 0.1322807221352005
count 25
f1, pre, rec [2376] 0.19881305637982194 0.26171875 0.16028708133971292 418 256
f1, pre, rec [2376] 0.16231087714903805 0.2373431982427219 0.133400976503381
count 26
f1, pre, rec [ 520 2329] 0.3074670571010249 0.4085603112840467 0.24647887323943662 426 257
f1, pre, rec [ 520 2329] 0.1678938071471914 0.24392847182123442 0.13775012637784467
count 27
f1, pre, rec [1382 1459] 0.11471321695760597 0.10407239819004525 0.12777777777777777 180 221
f1, pre, rec [1382 1459] 0.16592415565868823 0.23874861724230148 0.13738078013339775
count 28
f1, pre, rec [ 984 1334 1745] 0.30948905109489055 0.4092664092664093 0.24882629107981222 426 259
f1, pre, rec [ 984 1334 1745] 0.1710514733528383 0.2448385383860196 0.14136097695291255
count 29
f1, pre, rec [ 539 1678] 0.19444444444444445 0.40076335877862596 0.12836185819070906 818 262
f1, pre, rec [ 539 1678] 0.17185812752841093 0.2502152563305922 0.14091273147835381
count 30
f1, pre, rec [696] 0.09731543624161074 0.11836734693877551 0.08262108262108261 351 245
f1, pre, rec [696] 0.16937337115218426 0.24582032601753168 0.1389696765164448
count 31
f1, pre, rec [1809] 0.11499999999999998 0.10454545454545454 0.12777777777777777 180 220
f1, pre, rec [1809] 0.1676193914375977 0.24126307209907757 0.13860864752487487
count 32
f1, pre, rec [ 927 1817] 0.302496328928047 0.403921568627451 0.24178403755868544 426 255
f1, pre, rec [ 927 1817] 0.17183429573417422 0.24634615011558925 0.14183287846343143
count 33
f1, pre, rec [ 836 2071] 0.18749999999999997 0.2073170731707317 0.17114093959731544 298 246
f1, pre, rec [ 836 2071] 0.17230901404525986 0.2451634508142299 0.14272100152809458
count 34
f1, pre, rec [ 377  624 1700] 0.3193033381712627 0.41825095057034223 0.25821596244131456 426 263
f1, pre, rec [ 377  624 1700] 0.17663237651955407 0.2502542596305862 0.1461179121431893
count 35
f1, pre, rec [ 306 1160] 0.04176334106728539 0.04205607476635514 0.041474654377880185 217 214
f1, pre, rec [ 306 1160] 0.1727789755066321 0.24430574006303674 0.1431281047784662
count 36
f1, pre, rec [  18 2024] 0.19117647058823528 0.21138211382113822 0.174496644295302 298 246
f1, pre, rec [  18 2024] 0.17329001703667662 0.24339119488965066 0.14399945309837828
count 37
f1, pre, rec [1363] 0.29749631811487487 0.39920948616600793 0.23708920187793428 426 253
f1, pre, rec [1363] 0.17664694409284415 0.24760250005928192 0.1465153922545825
count 38
f1, pre, rec [2573] 0.17744916820702403 0.19753086419753085 0.1610738255033557 298 243
f1, pre, rec [2573] 0.1766680552537436 0.2462848254313411 0.1468985089190239
count 39
f1, pre, rec [ 740 1179] 0.10666666666666667 0.1285140562248996 0.09116809116809117 351 249
f1, pre, rec [ 740 1179] 0.17487314785407496 0.2432650621183554 0.14546952384848716
count 40
f1, pre, rec [141 443 828] 0.11608623548922055 0.1388888888888889 0.09971509971509972 351 252
f1, pre, rec [141 443 828] 0.1734034750449536 0.24065565778761874 0.14432566324515247
count 41
f1, pre, rec [1263] 0.11499999999999998 0.10454545454545454 0.12777777777777777 180 220
f1, pre, rec [1263] 0.17197900004385716 0.23733589673293184 0.1439220562825336
count 42
f1, pre, rec [ 306 1371 1973] 0.0462962962962963 0.046511627906976744 0.04608294930875576 217 215
f1, pre, rec [ 306 1371 1973] 0.1689865547165343 0.23279246176088528 0.14159255373553886
count 43
f1, pre, rec [1453 2175] 0.18808193668528864 0.39453125 0.1234718826405868 818 256
f1, pre, rec [1453 2175] 0.16943063336697045 0.2365538289292368 0.1411711427798423
count 44
f1, pre, rec [2613] 0.29912023460410553 0.3984375 0.23943661971830985 426 256
f1, pre, rec [2613] 0.17237812430417807 0.24023300327175415 0.1434044490738984
count 45
f1, pre, rec [322] 0.17439703153988867 0.1950207468879668 0.15771812080536912 298 241
f1, pre, rec [322] 0.17242298890941607 0.23922828646322553 0.1437225306679311
count 46
f1, pre, rec [1531] 0.30498533724340177 0.40625 0.24413145539906103 426 256
f1, pre, rec [1531] 0.17530477909058967 0.24285919327924235 0.1459053333794774
count 47
f1, pre, rec [ 861 1945 2236] 0.19117647058823528 0.21138211382113822 0.174496644295302 298 246
f1, pre, rec [ 861 1945 2236] 0.17564247465436938 0.24218946818438908 0.14651365914364387
count 48
f1, pre, rec [1898 2100 2453] 0.30453879941434847 0.4046692607003891 0.24413145539906103 426 257
f1, pre, rec [1898 2100 2453] 0.17832781475353562 0.24557446386180573 0.1485473632322984
count 49
f1, pre, rec [ 695 1238 2314] 0.19744058500914077 0.21686746987951808 0.18120805369127516 298 249
f1, pre, rec [ 695 1238 2314] 0.17871787128936428 0.24498860684175905 0.14921390793554282
count 50
f1, pre, rec [ 801 2238] 0.041666666666666664 0.04186046511627907 0.041474654377880185 217 215
f1, pre, rec [ 801 2238] 0.1759768471969103 0.24092604400724946 0.14705912286438955
count 51
f1, pre, rec [1211] 0.03263403263403264 0.0330188679245283 0.03225806451612903 217 212
f1, pre, rec [1211] 0.17316620377410877 0.23684943271150982 0.14480812172030602
count 52
f1, pre, rec [2042] 0.19666048237476808 0.4076923076923077 0.1295843520782396 818 260
f1, pre, rec [2042] 0.17361801682412145 0.24013487261498673 0.14451535691949705
count 53
f1, pre, rec [ 325 2169] 0.0462962962962963 0.046511627906976744 0.04608294930875576 217 215
f1, pre, rec [ 325 2169] 0.1712157202103889 0.23648160384691105 0.14265814168155852
count 54
f1, pre, rec [1487 1916] 0.10981697171381032 0.132 0.09401709401709402 351 250
f1, pre, rec [1487 1916] 0.17007870634934114 0.2345467593312275 0.141757381539624
count 55
f1, pre, rec [ 948 1822 2157] 0.10666666666666667 0.1285140562248996 0.09116809116809117 351 249
f1, pre, rec [ 948 1822 2157] 0.16892576017329253 0.23261889200202154 0.1408375762601416
count 56
f1, pre, rec [ 238 1340 2321] 0.19330855018587362 0.40310077519379844 0.1271393643031785 818 258
f1, pre, rec [ 238 1340 2321] 0.1693611671378029 0.23566321134473187 0.14059296533233867
count 57
f1, pre, rec [608] 0.1916279069767442 0.40077821011673154 0.12591687041564792 818 257
f1, pre, rec [608] 0.16975181169638082 0.23855996570915292 0.14033548998292306
count 58
f1, pre, rec [1931] 0.17712177121771217 0.19672131147540983 0.1610738255033557 298 244
f1, pre, rec [1931] 0.16987887996398998 0.23783860960167458 0.14069304749189604
count 59
f1, pre, rec [ 659  779 1036] 0.13300492610837442 0.11946902654867257 0.15 180 226
f1, pre, rec [ 659  779 1036] 0.1692538976952507 0.23583234548213217 0.1408507924496605
count 60
f1, pre, rec [1963] 0.20444444444444446 0.26848249027237353 0.16507177033492823 418 257
f1, pre, rec [1963] 0.1698404068077373 0.23637651456196954 0.14125447541441497
count 61
f1, pre, rec [1036 1294 2076] 0.11910669975186104 0.10762331838565023 0.13333333333333333 180 223
f1, pre, rec [1036 1294 2076] 0.16900870669206716 0.23426580642793152 0.14112462062620051
count 62
f1, pre, rec [ 84 988] 0.30116959064327486 0.3992248062015504 0.24178403755868544 426 258
f1, pre, rec [ 84 988] 0.17114033385257052 0.23692643545653827 0.14274815960898252
count 63
f1, pre, rec [1315 1512 2210] 0.12903225806451613 0.11659192825112108 0.14444444444444443 180 223
f1, pre, rec [1315 1512 2210] 0.17047195169720455 0.23501636391359518 0.14277508476510095
count 64
f1, pre, rec [2619] 0.03263403263403264 0.0330188679245283 0.03225806451612903 217 212
f1, pre, rec [2619] 0.1683182342118425 0.231860153038766 0.1410482563237108
count 65
f1, pre, rec [ 302  817 1288] 0.21207658321060385 0.27586206896551724 0.1722488038277512 418 261
f1, pre, rec [ 302  817 1288] 0.1689914395810542 0.23253710559148527 0.14152826474684987
count 66
f1, pre, rec [ 160 2069 2123] 0.050343249427917625 0.05 0.05069124423963134 217 220
f1, pre, rec [ 160 2069 2123] 0.16719373973024912 0.22977139187040216 0.14015194625431626
count 67
f1, pre, rec [515] 0.17100371747211898 0.19166666666666668 0.15436241610738255 298 240
f1, pre, rec [515] 0.16725060506968 0.22920266462855535 0.14036404281928738
count 68
f1, pre, rec [1731] 0.30498533724340177 0.40625 0.24413145539906103 426 256
f1, pre, rec [1731] 0.16927611583694063 0.23180630191342955 0.14189003418075466
count 69
f1, pre, rec [450] 0.29749631811487487 0.39920948616600793 0.23708920187793428 426 253
f1, pre, rec [450] 0.17113437963807013 0.2342324350185394 0.14326973226332249
count 70
f1, pre, rec [ 864 2628] 0.05504587155963303 0.0547945205479452 0.055299539170506916 217 219
f1, pre, rec [ 864 2628] 0.16947597237980672 0.23166903624038804 0.1420130152191394
count 71
f1, pre, rec [2231 2323 2602] 0.18416206261510132 0.20408163265306123 0.16778523489932887 298 245
f1, pre, rec [2231 2323 2602] 0.1696828187211489 0.23128048126028483 0.14237600422871954
count 72
f1, pre, rec [1702] 0.302496328928047 0.403921568627451 0.24178403755868544 426 255
f1, pre, rec [1702] 0.17152745080735582 0.23367827414038433 0.1437566713583024
count 73
f1, pre, rec [1842 2205] 0.20147874306839186 0.4128787878787879 0.1332518337408313 818 264
f1, pre, rec [1842 2205] 0.17193774248216454 0.2361330756984447 0.14361276947313156
count 74
f1, pre, rec [61] 0.1811460258780037 0.20164609053497942 0.1644295302013423 298 243
f1, pre, rec [61] 0.1720621787442705 0.23566703535839784 0.1438940770505398
count 75
f1, pre, rec [1078] 0.10552763819095477 0.0963302752293578 0.11666666666666667 180 218
f1, pre, rec [1078] 0.17117505153689294 0.23380921189001067 0.14353104491208818
count 76
f1, pre, rec [  26  334 2092] 0.04597701149425288 0.045871559633027525 0.04608294930875576 217 218
f1, pre, rec [  26  334 2092] 0.16952770890475294 0.23133634804452405 0.14224883312783382
count 77
f1, pre, rec [1690] 0.20679468242245203 0.2702702702702703 0.1674641148325359 418 259
f1, pre, rec [1690] 0.17001169557381396 0.23184198339810516 0.14257630431880397
count 78
f1, pre, rec [1575 2426] 0.21207658321060385 0.27586206896551724 0.1722488038277512 418 261
f1, pre, rec [1575 2426] 0.17055098900505486 0.23240634346948225 0.14295672097917508
count 79
f1, pre, rec [ 578 1699] 0.18487394957983194 0.391304347826087 0.12102689486552567 818 253
f1, pre, rec [ 578 1699] 0.17073229230346973 0.2344177106132367 0.14267912824355927
count 80
f1, pre, rec [ 673 1560 1638] 0.21207658321060385 0.27586206896551724 0.1722488038277512 418 261
f1, pre, rec [ 673 1560 1638] 0.17124909593980892 0.2349357650926402 0.14304874918836166
count 81
f1, pre, rec [1144] 0.20414201183431954 0.26744186046511625 0.16507177033492823 418 258
f1, pre, rec [1144] 0.17165518132122262 0.2353370749120535 0.14332063833831926
count 82
f1, pre, rec [ 474 1555] 0.11295681063122923 0.13545816733067728 0.09686609686609686 351 251
f1, pre, rec [ 474 1555] 0.17093934753232023 0.23411903945374404 0.14275411953987754
count 83
f1, pre, rec [ 574 1365 1710] 0.30948905109489055 0.4092664092664093 0.24882629107981222 426 259
f1, pre, rec [ 574 1365 1710] 0.17260862106921868 0.2362292487285954 0.14403209751023818
count 84
f1, pre, rec [1185 1194 1986] 0.05069124423963134 0.05069124423963134 0.05069124423963134 217 217
f1, pre, rec [1185 1194 1986] 0.17115722372600933 0.23402046296086962 0.1429208968760643
count 85
f1, pre, rec [735 782] 0.10067114093959731 0.12244897959183673 0.08547008547008547 351 245
f1, pre, rec [735 782] 0.17032797569322802 0.23270785727417514 0.14224500497717044
count 86
f1, pre, rec [ 334  705 1155] 0.05949656750572082 0.05909090909090909 0.059907834101382486 217 220
f1, pre, rec [ 334  705 1155] 0.1690392383887221 0.23068905555111388 0.14128759601349847
count 87
f1, pre, rec [672] 0.10067114093959731 0.12244897959183673 0.08547008547008547 351 245
f1, pre, rec [672] 0.16825339818815746 0.22944491674698428 0.1406460154325397
count 88
f1, pre, rec [301] 0.041666666666666664 0.04186046511627907 0.041474654377880185 217 215
f1, pre, rec [301] 0.16681491260268597 0.2273132752511808 0.13951906814782766
count 89
f1, pre, rec [137] 0.10050251256281408 0.12195121951219512 0.08547008547008547 351 246
f1, pre, rec [137] 0.16606982945617055 0.22612943192827084 0.13891177620762832
count 90
f1, pre, rec [ 175 1448 2187] 0.15571776155717762 0.13852813852813853 0.17777777777777778 180 231
f1, pre, rec [ 175 1448 2187] 0.16595480647951508 0.22515608422382494 0.13934362066951886
count 91
f1, pre, rec [1264 1276 1330] 0.10316139767054909 0.124 0.08831908831908832 351 250
f1, pre, rec [1264 1276 1330] 0.1652647690200759 0.22404447890268397 0.13878291152281083
count 92
f1, pre, rec [2347] 0.20679468242245203 0.2702702702702703 0.1674641148325359 418 259
f1, pre, rec [2347] 0.16571618112227562 0.22454693315667948 0.13909466373269916
count 93
f1, pre, rec [1053 1217 1243] 0.20913107511045656 0.2720306513409962 0.16985645933014354 418 261
f1, pre, rec [1053 1217 1243] 0.1661830079393528 0.22505751077156458 0.1394254357283706
count 94
f1, pre, rec [444 660] 0.10648918469217972 0.128 0.09116809116809117 351 250
f1, pre, rec [444 660] 0.16554796726651055 0.2240249840612288 0.13891205972241016
count 95
f1, pre, rec [1166] 0.29455081001472755 0.3952569169960474 0.2347417840375587 426 253
f1, pre, rec [1166] 0.1669058919270181 0.22582742546054269 0.13992079366256963
count 96
f1, pre, rec [1030 1148] 0.13793103448275865 0.12389380530973451 0.15555555555555556 180 226
f1, pre, rec [1030 1148] 0.16660407049530707 0.2247656169173051 0.14008365576562157
count 97
f1, pre, rec [1566] 0.20444444444444446 0.26848249027237353 0.16507177033492823 418 257
f1, pre, rec [1566] 0.16699417744323633 0.2252163063333367 0.14034126519417112
count 98
f1, pre, rec [  67 2651] 0.11000000000000001 0.1 0.12222222222222222 180 220
f1, pre, rec [  67 2651] 0.16641260420401963 0.22393858892177207 0.14015637700057978
count 99
f1, pre, rec [120 135] 0.04618937644341801 0.046296296296296294 0.04608294930875576 217 216
f1, pre, rec [120 135] 0.16519822816603377 0.22214422232959555 0.13920614035722803
count 100
f1, pre, rec [ 321 2226] 0.30498533724340177 0.40625 0.24413145539906103 426 256
f1, pre, rec [ 321 2226] 0.16659609925680743 0.2239852801062996 0.14025539350764638
F1, Pre, Rec 0.16659609925680743 0.2239852801062996 0.14025539350764638
NMI:  0.012946623838330649
ARI:  0.051342052715369554
JAC:  0.09292373321117017
test1 time, avg time 0 0.0
==================================== 0.2296046406384992 0.14475424717935417 0.17756355190735262
test1 time, test1 num 208.69387102127075 100
current best val score (precision, recall, f1score) : 0.22899634361776428 0.1426268519229293 0.17577496767683135
corresponding test1 score (precision, recall, f1score) : 0.2239852801062996 0.14025539350764638 0.16659609925680743
./GCN_model.pt
Final Results
best val score (precision, recall, f1score) : 0.22899634361776428 0.1426268519229293 0.17577496767683135
test1 score (precision, recall, f1score) : 0.2239852801062996 0.14025539350764638 0.16659609925680743
## Finishing Time: 2026-01-02 18:17:27
## Running Time: 1127
= = = = = = = = = = = = = = = = = = = = 
